/home/igirela/anaconda3/lib/python3.9/site-packages/pandas/core/computation/expressions.py:21: UserWarning: Pandas requires version '2.8.4' or newer of 'numexpr' (version '2.8.3' currently installed).
  from pandas.core.computation.check import NUMEXPR_INSTALLED
/home/igirela/anaconda3/lib/python3.9/site-packages/pandas/core/arrays/masked.py:60: UserWarning: Pandas requires version '1.3.6' or newer of 'bottleneck' (version '1.3.5' currently installed).
  from pandas.core import (
Working on caf_mics18-19
Networks estimated ... proceed to save data
Networks estimated ... proceed to save data
Working on npl_dhs22
Networks estimated ... proceed to save data
Networks estimated ... proceed to save data
Working on tgo_mics17
Working on sur_mics18
Working on uzb_mics21-22
/home/igirela/DiscreteMarkovNetworkMPI/discrete_gm_nonpos.py:50: RuntimeWarning: divide by zero encountered in log
  bic = lpl - self.c*pow(len(np.unique(X)),ne_size)*np.log(n)
/home/igirela/DiscreteMarkovNetworkMPI/discrete_gm_nonpos.py:50: RuntimeWarning: divide by zero encountered in log
  bic = lpl - self.c*pow(len(np.unique(X)),ne_size)*np.log(n)
/home/igirela/DiscreteMarkovNetworkMPI/discrete_gm_nonpos.py:50: RuntimeWarning: divide by zero encountered in log
  bic = lpl - self.c*pow(len(np.unique(X)),ne_size)*np.log(n)
/home/igirela/DiscreteMarkovNetworkMPI/discrete_gm_nonpos.py:50: RuntimeWarning: divide by zero encountered in log
  bic = lpl - self.c*pow(len(np.unique(X)),ne_size)*np.log(n)
/home/igirela/DiscreteMarkovNetworkMPI/discrete_gm_nonpos.py:50: RuntimeWarning: divide by zero encountered in log
  bic = lpl - self.c*pow(len(np.unique(X)),ne_size)*np.log(n)
/home/igirela/DiscreteMarkovNetworkMPI/discrete_gm_nonpos.py:50: RuntimeWarning: invalid value encountered in multiply
  bic = lpl - self.c*pow(len(np.unique(X)),ne_size)*np.log(n)
/home/igirela/DiscreteMarkovNetworkMPI/discrete_gm_nonpos.py:50: RuntimeWarning: invalid value encountered in multiply
  bic = lpl - self.c*pow(len(np.unique(X)),ne_size)*np.log(n)
/home/igirela/DiscreteMarkovNetworkMPI/discrete_gm_nonpos.py:50: RuntimeWarning: invalid value encountered in multiply
  bic = lpl - self.c*pow(len(np.unique(X)),ne_size)*np.log(n)
/home/igirela/DiscreteMarkovNetworkMPI/discrete_gm_nonpos.py:50: RuntimeWarning: divide by zero encountered in log
  bic = lpl - self.c*pow(len(np.unique(X)),ne_size)*np.log(n)
/home/igirela/DiscreteMarkovNetworkMPI/discrete_gm_nonpos.py:50: RuntimeWarning: invalid value encountered in multiply
  bic = lpl - self.c*pow(len(np.unique(X)),ne_size)*np.log(n)
/home/igirela/DiscreteMarkovNetworkMPI/discrete_gm_nonpos.py:50: RuntimeWarning: invalid value encountered in multiply
  bic = lpl - self.c*pow(len(np.unique(X)),ne_size)*np.log(n)
/home/igirela/DiscreteMarkovNetworkMPI/discrete_gm_nonpos.py:50: RuntimeWarning: invalid value encountered in multiply
  bic = lpl - self.c*pow(len(np.unique(X)),ne_size)*np.log(n)
/home/igirela/DiscreteMarkovNetworkMPI/discrete_gm_nonpos.py:50: RuntimeWarning: divide by zero encountered in log
  bic = lpl - self.c*pow(len(np.unique(X)),ne_size)*np.log(n)
/home/igirela/DiscreteMarkovNetworkMPI/discrete_gm_nonpos.py:50: RuntimeWarning: divide by zero encountered in log
  bic = lpl - self.c*pow(len(np.unique(X)),ne_size)*np.log(n)
/home/igirela/DiscreteMarkovNetworkMPI/discrete_gm_nonpos.py:50: RuntimeWarning: invalid value encountered in multiply
  bic = lpl - self.c*pow(len(np.unique(X)),ne_size)*np.log(n)
/home/igirela/DiscreteMarkovNetworkMPI/discrete_gm_nonpos.py:50: RuntimeWarning: divide by zero encountered in log
  bic = lpl - self.c*pow(len(np.unique(X)),ne_size)*np.log(n)
/home/igirela/DiscreteMarkovNetworkMPI/discrete_gm_nonpos.py:50: RuntimeWarning: divide by zero encountered in log
  bic = lpl - self.c*pow(len(np.unique(X)),ne_size)*np.log(n)
/home/igirela/DiscreteMarkovNetworkMPI/discrete_gm_nonpos.py:50: RuntimeWarning: invalid value encountered in multiply
  bic = lpl - self.c*pow(len(np.unique(X)),ne_size)*np.log(n)
/home/igirela/DiscreteMarkovNetworkMPI/discrete_gm_nonpos.py:50: RuntimeWarning: invalid value encountered in multiply
  bic = lpl - self.c*pow(len(np.unique(X)),ne_size)*np.log(n)
/home/igirela/DiscreteMarkovNetworkMPI/discrete_gm_nonpos.py:50: RuntimeWarning: invalid value encountered in multiply
  bic = lpl - self.c*pow(len(np.unique(X)),ne_size)*np.log(n)
Networks estimated ... proceed to save data
/home/igirela/DiscreteMarkovNetworkMPI/discrete_gm_nonpos.py:50: RuntimeWarning: divide by zero encountered in log
  bic = lpl - self.c*pow(len(np.unique(X)),ne_size)*np.log(n)
/home/igirela/DiscreteMarkovNetworkMPI/discrete_gm_nonpos.py:50: RuntimeWarning: divide by zero encountered in log
  bic = lpl - self.c*pow(len(np.unique(X)),ne_size)*np.log(n)
/home/igirela/DiscreteMarkovNetworkMPI/discrete_gm_nonpos.py:50: RuntimeWarning: divide by zero encountered in log
  bic = lpl - self.c*pow(len(np.unique(X)),ne_size)*np.log(n)
/home/igirela/DiscreteMarkovNetworkMPI/discrete_gm_nonpos.py:50: RuntimeWarning: invalid value encountered in multiply
  bic = lpl - self.c*pow(len(np.unique(X)),ne_size)*np.log(n)
/home/igirela/DiscreteMarkovNetworkMPI/discrete_gm_nonpos.py:50: RuntimeWarning: invalid value encountered in multiply
  bic = lpl - self.c*pow(len(np.unique(X)),ne_size)*np.log(n)
/home/igirela/DiscreteMarkovNetworkMPI/discrete_gm_nonpos.py:50: RuntimeWarning: divide by zero encountered in log
  bic = lpl - self.c*pow(len(np.unique(X)),ne_size)*np.log(n)
/home/igirela/DiscreteMarkovNetworkMPI/discrete_gm_nonpos.py:50: RuntimeWarning: invalid value encountered in multiply
  bic = lpl - self.c*pow(len(np.unique(X)),ne_size)*np.log(n)
/home/igirela/DiscreteMarkovNetworkMPI/discrete_gm_nonpos.py:50: RuntimeWarning: divide by zero encountered in log
  bic = lpl - self.c*pow(len(np.unique(X)),ne_size)*np.log(n)
/home/igirela/DiscreteMarkovNetworkMPI/discrete_gm_nonpos.py:50: RuntimeWarning: divide by zero encountered in log
  bic = lpl - self.c*pow(len(np.unique(X)),ne_size)*np.log(n)
/home/igirela/DiscreteMarkovNetworkMPI/discrete_gm_nonpos.py:50: RuntimeWarning: divide by zero encountered in log
  bic = lpl - self.c*pow(len(np.unique(X)),ne_size)*np.log(n)
/home/igirela/DiscreteMarkovNetworkMPI/discrete_gm_nonpos.py:50: RuntimeWarning: invalid value encountered in multiply
  bic = lpl - self.c*pow(len(np.unique(X)),ne_size)*np.log(n)
/home/igirela/DiscreteMarkovNetworkMPI/discrete_gm_nonpos.py:50: RuntimeWarning: divide by zero encountered in log
  bic = lpl - self.c*pow(len(np.unique(X)),ne_size)*np.log(n)
/home/igirela/DiscreteMarkovNetworkMPI/discrete_gm_nonpos.py:50: RuntimeWarning: invalid value encountered in multiply
  bic = lpl - self.c*pow(len(np.unique(X)),ne_size)*np.log(n)
/home/igirela/DiscreteMarkovNetworkMPI/discrete_gm_nonpos.py:50: RuntimeWarning: divide by zero encountered in log
  bic = lpl - self.c*pow(len(np.unique(X)),ne_size)*np.log(n)
/home/igirela/DiscreteMarkovNetworkMPI/discrete_gm_nonpos.py:50: RuntimeWarning: invalid value encountered in multiply
  bic = lpl - self.c*pow(len(np.unique(X)),ne_size)*np.log(n)
/home/igirela/DiscreteMarkovNetworkMPI/discrete_gm_nonpos.py:50: RuntimeWarning: invalid value encountered in multiply
  bic = lpl - self.c*pow(len(np.unique(X)),ne_size)*np.log(n)
/home/igirela/DiscreteMarkovNetworkMPI/discrete_gm_nonpos.py:50: RuntimeWarning: invalid value encountered in multiply
  bic = lpl - self.c*pow(len(np.unique(X)),ne_size)*np.log(n)
/home/igirela/DiscreteMarkovNetworkMPI/discrete_gm_nonpos.py:50: RuntimeWarning: invalid value encountered in multiply
  bic = lpl - self.c*pow(len(np.unique(X)),ne_size)*np.log(n)
/home/igirela/DiscreteMarkovNetworkMPI/discrete_gm_nonpos.py:50: RuntimeWarning: divide by zero encountered in log
  bic = lpl - self.c*pow(len(np.unique(X)),ne_size)*np.log(n)
/home/igirela/DiscreteMarkovNetworkMPI/discrete_gm_nonpos.py:50: RuntimeWarning: invalid value encountered in multiply
  bic = lpl - self.c*pow(len(np.unique(X)),ne_size)*np.log(n)
Networks estimated ... proceed to save data
Working on idn_dhs17
/home/igirela/DiscreteMarkovNetworkMPI/discrete_gm_nonpos.py:50: RuntimeWarning: divide by zero encountered in log
  bic = lpl - self.c*pow(len(np.unique(X)),ne_size)*np.log(n)
/home/igirela/DiscreteMarkovNetworkMPI/discrete_gm_nonpos.py:50: RuntimeWarning: divide by zero encountered in log
  bic = lpl - self.c*pow(len(np.unique(X)),ne_size)*np.log(n)
/home/igirela/DiscreteMarkovNetworkMPI/discrete_gm_nonpos.py:50: RuntimeWarning: divide by zero encountered in log
  bic = lpl - self.c*pow(len(np.unique(X)),ne_size)*np.log(n)
/home/igirela/DiscreteMarkovNetworkMPI/discrete_gm_nonpos.py:50: RuntimeWarning: invalid value encountered in multiply
  bic = lpl - self.c*pow(len(np.unique(X)),ne_size)*np.log(n)
/home/igirela/DiscreteMarkovNetworkMPI/discrete_gm_nonpos.py:50: RuntimeWarning: divide by zero encountered in log
  bic = lpl - self.c*pow(len(np.unique(X)),ne_size)*np.log(n)
/home/igirela/DiscreteMarkovNetworkMPI/discrete_gm_nonpos.py:50: RuntimeWarning: divide by zero encountered in log
  bic = lpl - self.c*pow(len(np.unique(X)),ne_size)*np.log(n)
/home/igirela/DiscreteMarkovNetworkMPI/discrete_gm_nonpos.py:50: RuntimeWarning: invalid value encountered in multiply
  bic = lpl - self.c*pow(len(np.unique(X)),ne_size)*np.log(n)
/home/igirela/DiscreteMarkovNetworkMPI/discrete_gm_nonpos.py:50: RuntimeWarning: invalid value encountered in multiply
  bic = lpl - self.c*pow(len(np.unique(X)),ne_size)*np.log(n)
/home/igirela/DiscreteMarkovNetworkMPI/discrete_gm_nonpos.py:50: RuntimeWarning: invalid value encountered in multiply
  bic = lpl - self.c*pow(len(np.unique(X)),ne_size)*np.log(n)
/home/igirela/DiscreteMarkovNetworkMPI/discrete_gm_nonpos.py:50: RuntimeWarning: invalid value encountered in multiply
  bic = lpl - self.c*pow(len(np.unique(X)),ne_size)*np.log(n)
/home/igirela/DiscreteMarkovNetworkMPI/discrete_gm_nonpos.py:50: RuntimeWarning: divide by zero encountered in log
  bic = lpl - self.c*pow(len(np.unique(X)),ne_size)*np.log(n)
/home/igirela/DiscreteMarkovNetworkMPI/discrete_gm_nonpos.py:50: RuntimeWarning: divide by zero encountered in log
  bic = lpl - self.c*pow(len(np.unique(X)),ne_size)*np.log(n)
/home/igirela/DiscreteMarkovNetworkMPI/discrete_gm_nonpos.py:50: RuntimeWarning: invalid value encountered in multiply
  bic = lpl - self.c*pow(len(np.unique(X)),ne_size)*np.log(n)
/home/igirela/DiscreteMarkovNetworkMPI/discrete_gm_nonpos.py:50: RuntimeWarning: divide by zero encountered in log
  bic = lpl - self.c*pow(len(np.unique(X)),ne_size)*np.log(n)
/home/igirela/DiscreteMarkovNetworkMPI/discrete_gm_nonpos.py:50: RuntimeWarning: divide by zero encountered in log
  bic = lpl - self.c*pow(len(np.unique(X)),ne_size)*np.log(n)
/home/igirela/DiscreteMarkovNetworkMPI/discrete_gm_nonpos.py:50: RuntimeWarning: invalid value encountered in multiply
  bic = lpl - self.c*pow(len(np.unique(X)),ne_size)*np.log(n)
/home/igirela/DiscreteMarkovNetworkMPI/discrete_gm_nonpos.py:50: RuntimeWarning: divide by zero encountered in log
  bic = lpl - self.c*pow(len(np.unique(X)),ne_size)*np.log(n)
/home/igirela/DiscreteMarkovNetworkMPI/discrete_gm_nonpos.py:50: RuntimeWarning: invalid value encountered in multiply
  bic = lpl - self.c*pow(len(np.unique(X)),ne_size)*np.log(n)
/home/igirela/DiscreteMarkovNetworkMPI/discrete_gm_nonpos.py:50: RuntimeWarning: invalid value encountered in multiply
  bic = lpl - self.c*pow(len(np.unique(X)),ne_size)*np.log(n)
/home/igirela/DiscreteMarkovNetworkMPI/discrete_gm_nonpos.py:50: RuntimeWarning: invalid value encountered in multiply
  bic = lpl - self.c*pow(len(np.unique(X)),ne_size)*np.log(n)
Networks estimated ... proceed to save data
/home/igirela/DiscreteMarkovNetworkMPI/discrete_gm_nonpos.py:50: RuntimeWarning: divide by zero encountered in log
  bic = lpl - self.c*pow(len(np.unique(X)),ne_size)*np.log(n)
/home/igirela/DiscreteMarkovNetworkMPI/discrete_gm_nonpos.py:50: RuntimeWarning: divide by zero encountered in log
  bic = lpl - self.c*pow(len(np.unique(X)),ne_size)*np.log(n)
/home/igirela/DiscreteMarkovNetworkMPI/discrete_gm_nonpos.py:50: RuntimeWarning: divide by zero encountered in log
  bic = lpl - self.c*pow(len(np.unique(X)),ne_size)*np.log(n)
/home/igirela/DiscreteMarkovNetworkMPI/discrete_gm_nonpos.py:50: RuntimeWarning: divide by zero encountered in log
  bic = lpl - self.c*pow(len(np.unique(X)),ne_size)*np.log(n)
/home/igirela/DiscreteMarkovNetworkMPI/discrete_gm_nonpos.py:50: RuntimeWarning: invalid value encountered in multiply
  bic = lpl - self.c*pow(len(np.unique(X)),ne_size)*np.log(n)
/home/igirela/DiscreteMarkovNetworkMPI/discrete_gm_nonpos.py:50: RuntimeWarning: invalid value encountered in multiply
  bic = lpl - self.c*pow(len(np.unique(X)),ne_size)*np.log(n)
/home/igirela/DiscreteMarkovNetworkMPI/discrete_gm_nonpos.py:50: RuntimeWarning: divide by zero encountered in log
  bic = lpl - self.c*pow(len(np.unique(X)),ne_size)*np.log(n)
/home/igirela/DiscreteMarkovNetworkMPI/discrete_gm_nonpos.py:50: RuntimeWarning: divide by zero encountered in log
  bic = lpl - self.c*pow(len(np.unique(X)),ne_size)*np.log(n)
/home/igirela/DiscreteMarkovNetworkMPI/discrete_gm_nonpos.py:50: RuntimeWarning: invalid value encountered in multiply
  bic = lpl - self.c*pow(len(np.unique(X)),ne_size)*np.log(n)
/home/igirela/DiscreteMarkovNetworkMPI/discrete_gm_nonpos.py:50: RuntimeWarning: invalid value encountered in multiply
  bic = lpl - self.c*pow(len(np.unique(X)),ne_size)*np.log(n)
/home/igirela/DiscreteMarkovNetworkMPI/discrete_gm_nonpos.py:50: RuntimeWarning: invalid value encountered in multiply
  bic = lpl - self.c*pow(len(np.unique(X)),ne_size)*np.log(n)
/home/igirela/DiscreteMarkovNetworkMPI/discrete_gm_nonpos.py:50: RuntimeWarning: invalid value encountered in multiply
  bic = lpl - self.c*pow(len(np.unique(X)),ne_size)*np.log(n)
/home/igirela/DiscreteMarkovNetworkMPI/discrete_gm_nonpos.py:50: RuntimeWarning: divide by zero encountered in log
  bic = lpl - self.c*pow(len(np.unique(X)),ne_size)*np.log(n)
/home/igirela/DiscreteMarkovNetworkMPI/discrete_gm_nonpos.py:50: RuntimeWarning: divide by zero encountered in log
  bic = lpl - self.c*pow(len(np.unique(X)),ne_size)*np.log(n)
/home/igirela/DiscreteMarkovNetworkMPI/discrete_gm_nonpos.py:50: RuntimeWarning: divide by zero encountered in log
  bic = lpl - self.c*pow(len(np.unique(X)),ne_size)*np.log(n)
/home/igirela/DiscreteMarkovNetworkMPI/discrete_gm_nonpos.py:50: RuntimeWarning: invalid value encountered in multiply
  bic = lpl - self.c*pow(len(np.unique(X)),ne_size)*np.log(n)
/home/igirela/DiscreteMarkovNetworkMPI/discrete_gm_nonpos.py:50: RuntimeWarning: invalid value encountered in multiply
  bic = lpl - self.c*pow(len(np.unique(X)),ne_size)*np.log(n)
/home/igirela/DiscreteMarkovNetworkMPI/discrete_gm_nonpos.py:50: RuntimeWarning: invalid value encountered in multiply
  bic = lpl - self.c*pow(len(np.unique(X)),ne_size)*np.log(n)
/home/igirela/DiscreteMarkovNetworkMPI/discrete_gm_nonpos.py:50: RuntimeWarning: divide by zero encountered in log
  bic = lpl - self.c*pow(len(np.unique(X)),ne_size)*np.log(n)
/home/igirela/DiscreteMarkovNetworkMPI/discrete_gm_nonpos.py:50: RuntimeWarning: invalid value encountered in multiply
  bic = lpl - self.c*pow(len(np.unique(X)),ne_size)*np.log(n)
Networks estimated ... proceed to save data
Working on tha_mics22
Working on zaf_dhs16
Working on com_mics22
Working on srb_mics19
Working on vnm_mics20-21
/home/igirela/DiscreteMarkovNetworkMPI/discrete_gm_nonpos.py:50: RuntimeWarning: divide by zero encountered in log
  bic = lpl - self.c*pow(len(np.unique(X)),ne_size)*np.log(n)
/home/igirela/DiscreteMarkovNetworkMPI/discrete_gm_nonpos.py:50: RuntimeWarning: divide by zero encountered in log
  bic = lpl - self.c*pow(len(np.unique(X)),ne_size)*np.log(n)
/home/igirela/DiscreteMarkovNetworkMPI/discrete_gm_nonpos.py:50: RuntimeWarning: divide by zero encountered in log
  bic = lpl - self.c*pow(len(np.unique(X)),ne_size)*np.log(n)
/home/igirela/DiscreteMarkovNetworkMPI/discrete_gm_nonpos.py:50: RuntimeWarning: divide by zero encountered in log
  bic = lpl - self.c*pow(len(np.unique(X)),ne_size)*np.log(n)
/home/igirela/DiscreteMarkovNetworkMPI/discrete_gm_nonpos.py:50: RuntimeWarning: divide by zero encountered in log
  bic = lpl - self.c*pow(len(np.unique(X)),ne_size)*np.log(n)
/home/igirela/DiscreteMarkovNetworkMPI/discrete_gm_nonpos.py:50: RuntimeWarning: invalid value encountered in multiply
  bic = lpl - self.c*pow(len(np.unique(X)),ne_size)*np.log(n)
/home/igirela/DiscreteMarkovNetworkMPI/discrete_gm_nonpos.py:50: RuntimeWarning: invalid value encountered in multiply
  bic = lpl - self.c*pow(len(np.unique(X)),ne_size)*np.log(n)
/home/igirela/DiscreteMarkovNetworkMPI/discrete_gm_nonpos.py:50: RuntimeWarning: invalid value encountered in multiply
  bic = lpl - self.c*pow(len(np.unique(X)),ne_size)*np.log(n)
/home/igirela/DiscreteMarkovNetworkMPI/discrete_gm_nonpos.py:50: RuntimeWarning: invalid value encountered in multiply
  bic = lpl - self.c*pow(len(np.unique(X)),ne_size)*np.log(n)
/home/igirela/DiscreteMarkovNetworkMPI/discrete_gm_nonpos.py:50: RuntimeWarning: divide by zero encountered in log
  bic = lpl - self.c*pow(len(np.unique(X)),ne_size)*np.log(n)
/home/igirela/DiscreteMarkovNetworkMPI/discrete_gm_nonpos.py:50: RuntimeWarning: divide by zero encountered in log
  bic = lpl - self.c*pow(len(np.unique(X)),ne_size)*np.log(n)
/home/igirela/DiscreteMarkovNetworkMPI/discrete_gm_nonpos.py:50: RuntimeWarning: invalid value encountered in multiply
  bic = lpl - self.c*pow(len(np.unique(X)),ne_size)*np.log(n)
/home/igirela/DiscreteMarkovNetworkMPI/discrete_gm_nonpos.py:50: RuntimeWarning: invalid value encountered in multiply
  bic = lpl - self.c*pow(len(np.unique(X)),ne_size)*np.log(n)
/home/igirela/DiscreteMarkovNetworkMPI/discrete_gm_nonpos.py:50: RuntimeWarning: divide by zero encountered in log
  bic = lpl - self.c*pow(len(np.unique(X)),ne_size)*np.log(n)
/home/igirela/DiscreteMarkovNetworkMPI/discrete_gm_nonpos.py:50: RuntimeWarning: invalid value encountered in multiply
  bic = lpl - self.c*pow(len(np.unique(X)),ne_size)*np.log(n)
/home/igirela/DiscreteMarkovNetworkMPI/discrete_gm_nonpos.py:50: RuntimeWarning: divide by zero encountered in log
  bic = lpl - self.c*pow(len(np.unique(X)),ne_size)*np.log(n)
/home/igirela/DiscreteMarkovNetworkMPI/discrete_gm_nonpos.py:50: RuntimeWarning: invalid value encountered in multiply
  bic = lpl - self.c*pow(len(np.unique(X)),ne_size)*np.log(n)
/home/igirela/DiscreteMarkovNetworkMPI/discrete_gm_nonpos.py:50: RuntimeWarning: divide by zero encountered in log
  bic = lpl - self.c*pow(len(np.unique(X)),ne_size)*np.log(n)
/home/igirela/DiscreteMarkovNetworkMPI/discrete_gm_nonpos.py:50: RuntimeWarning: invalid value encountered in multiply
  bic = lpl - self.c*pow(len(np.unique(X)),ne_size)*np.log(n)
/home/igirela/DiscreteMarkovNetworkMPI/discrete_gm_nonpos.py:50: RuntimeWarning: invalid value encountered in multiply
  bic = lpl - self.c*pow(len(np.unique(X)),ne_size)*np.log(n)
Networks estimated ... proceed to save data
/home/igirela/DiscreteMarkovNetworkMPI/discrete_gm_nonpos.py:50: RuntimeWarning: divide by zero encountered in log
  bic = lpl - self.c*pow(len(np.unique(X)),ne_size)*np.log(n)
/home/igirela/DiscreteMarkovNetworkMPI/discrete_gm_nonpos.py:50: RuntimeWarning: divide by zero encountered in log
  bic = lpl - self.c*pow(len(np.unique(X)),ne_size)*np.log(n)
/home/igirela/DiscreteMarkovNetworkMPI/discrete_gm_nonpos.py:50: RuntimeWarning: divide by zero encountered in log
  bic = lpl - self.c*pow(len(np.unique(X)),ne_size)*np.log(n)
/home/igirela/DiscreteMarkovNetworkMPI/discrete_gm_nonpos.py:50: RuntimeWarning: invalid value encountered in multiply
  bic = lpl - self.c*pow(len(np.unique(X)),ne_size)*np.log(n)
/home/igirela/DiscreteMarkovNetworkMPI/discrete_gm_nonpos.py:50: RuntimeWarning: divide by zero encountered in log
  bic = lpl - self.c*pow(len(np.unique(X)),ne_size)*np.log(n)
/home/igirela/DiscreteMarkovNetworkMPI/discrete_gm_nonpos.py:50: RuntimeWarning: invalid value encountered in multiply
  bic = lpl - self.c*pow(len(np.unique(X)),ne_size)*np.log(n)
/home/igirela/DiscreteMarkovNetworkMPI/discrete_gm_nonpos.py:50: RuntimeWarning: invalid value encountered in multiply
  bic = lpl - self.c*pow(len(np.unique(X)),ne_size)*np.log(n)
/home/igirela/DiscreteMarkovNetworkMPI/discrete_gm_nonpos.py:50: RuntimeWarning: divide by zero encountered in log
  bic = lpl - self.c*pow(len(np.unique(X)),ne_size)*np.log(n)
/home/igirela/DiscreteMarkovNetworkMPI/discrete_gm_nonpos.py:50: RuntimeWarning: invalid value encountered in multiply
  bic = lpl - self.c*pow(len(np.unique(X)),ne_size)*np.log(n)
/home/igirela/DiscreteMarkovNetworkMPI/discrete_gm_nonpos.py:50: RuntimeWarning: divide by zero encountered in log
  bic = lpl - self.c*pow(len(np.unique(X)),ne_size)*np.log(n)
/home/igirela/DiscreteMarkovNetworkMPI/discrete_gm_nonpos.py:50: RuntimeWarning: divide by zero encountered in log
  bic = lpl - self.c*pow(len(np.unique(X)),ne_size)*np.log(n)
/home/igirela/DiscreteMarkovNetworkMPI/discrete_gm_nonpos.py:50: RuntimeWarning: invalid value encountered in multiply
  bic = lpl - self.c*pow(len(np.unique(X)),ne_size)*np.log(n)
/home/igirela/DiscreteMarkovNetworkMPI/discrete_gm_nonpos.py:50: RuntimeWarning: invalid value encountered in multiply
  bic = lpl - self.c*pow(len(np.unique(X)),ne_size)*np.log(n)
/home/igirela/DiscreteMarkovNetworkMPI/discrete_gm_nonpos.py:50: RuntimeWarning: invalid value encountered in multiply
  bic = lpl - self.c*pow(len(np.unique(X)),ne_size)*np.log(n)
/home/igirela/DiscreteMarkovNetworkMPI/discrete_gm_nonpos.py:50: RuntimeWarning: divide by zero encountered in log
  bic = lpl - self.c*pow(len(np.unique(X)),ne_size)*np.log(n)
/home/igirela/DiscreteMarkovNetworkMPI/discrete_gm_nonpos.py:50: RuntimeWarning: divide by zero encountered in log
  bic = lpl - self.c*pow(len(np.unique(X)),ne_size)*np.log(n)
/home/igirela/DiscreteMarkovNetworkMPI/discrete_gm_nonpos.py:50: RuntimeWarning: invalid value encountered in multiply
  bic = lpl - self.c*pow(len(np.unique(X)),ne_size)*np.log(n)
/home/igirela/DiscreteMarkovNetworkMPI/discrete_gm_nonpos.py:50: RuntimeWarning: divide by zero encountered in log
  bic = lpl - self.c*pow(len(np.unique(X)),ne_size)*np.log(n)
/home/igirela/DiscreteMarkovNetworkMPI/discrete_gm_nonpos.py:50: RuntimeWarning: invalid value encountered in multiply
  bic = lpl - self.c*pow(len(np.unique(X)),ne_size)*np.log(n)
/home/igirela/DiscreteMarkovNetworkMPI/discrete_gm_nonpos.py:50: RuntimeWarning: invalid value encountered in multiply
  bic = lpl - self.c*pow(len(np.unique(X)),ne_size)*np.log(n)
Networks estimated ... proceed to save data
Working on pry_mics16
Working on tto_mics22
/home/igirela/DiscreteMarkovNetworkMPI/discrete_gm_nonpos.py:50: RuntimeWarning: divide by zero encountered in log
  bic = lpl - self.c*pow(len(np.unique(X)),ne_size)*np.log(n)
/home/igirela/DiscreteMarkovNetworkMPI/discrete_gm_nonpos.py:50: RuntimeWarning: invalid value encountered in multiply
  bic = lpl - self.c*pow(len(np.unique(X)),ne_size)*np.log(n)
/home/igirela/DiscreteMarkovNetworkMPI/discrete_gm_nonpos.py:50: RuntimeWarning: divide by zero encountered in log
  bic = lpl - self.c*pow(len(np.unique(X)),ne_size)*np.log(n)
/home/igirela/DiscreteMarkovNetworkMPI/discrete_gm_nonpos.py:50: RuntimeWarning: divide by zero encountered in log
  bic = lpl - self.c*pow(len(np.unique(X)),ne_size)*np.log(n)
/home/igirela/DiscreteMarkovNetworkMPI/discrete_gm_nonpos.py:50: RuntimeWarning: divide by zero encountered in log
  bic = lpl - self.c*pow(len(np.unique(X)),ne_size)*np.log(n)
/home/igirela/DiscreteMarkovNetworkMPI/discrete_gm_nonpos.py:50: RuntimeWarning: divide by zero encountered in log
  bic = lpl - self.c*pow(len(np.unique(X)),ne_size)*np.log(n)
/home/igirela/DiscreteMarkovNetworkMPI/discrete_gm_nonpos.py:50: RuntimeWarning: divide by zero encountered in log
  bic = lpl - self.c*pow(len(np.unique(X)),ne_size)*np.log(n)
/home/igirela/DiscreteMarkovNetworkMPI/discrete_gm_nonpos.py:50: RuntimeWarning: invalid value encountered in multiply
  bic = lpl - self.c*pow(len(np.unique(X)),ne_size)*np.log(n)
/home/igirela/DiscreteMarkovNetworkMPI/discrete_gm_nonpos.py:50: RuntimeWarning: invalid value encountered in multiply
  bic = lpl - self.c*pow(len(np.unique(X)),ne_size)*np.log(n)
/home/igirela/DiscreteMarkovNetworkMPI/discrete_gm_nonpos.py:50: RuntimeWarning: invalid value encountered in multiply
  bic = lpl - self.c*pow(len(np.unique(X)),ne_size)*np.log(n)
/home/igirela/DiscreteMarkovNetworkMPI/discrete_gm_nonpos.py:50: RuntimeWarning: divide by zero encountered in log
  bic = lpl - self.c*pow(len(np.unique(X)),ne_size)*np.log(n)
/home/igirela/DiscreteMarkovNetworkMPI/discrete_gm_nonpos.py:50: RuntimeWarning: invalid value encountered in multiply
  bic = lpl - self.c*pow(len(np.unique(X)),ne_size)*np.log(n)
/home/igirela/DiscreteMarkovNetworkMPI/discrete_gm_nonpos.py:50: RuntimeWarning: divide by zero encountered in log
  bic = lpl - self.c*pow(len(np.unique(X)),ne_size)*np.log(n)
/home/igirela/DiscreteMarkovNetworkMPI/discrete_gm_nonpos.py:50: RuntimeWarning: invalid value encountered in multiply
  bic = lpl - self.c*pow(len(np.unique(X)),ne_size)*np.log(n)
/home/igirela/DiscreteMarkovNetworkMPI/discrete_gm_nonpos.py:50: RuntimeWarning: invalid value encountered in multiply
  bic = lpl - self.c*pow(len(np.unique(X)),ne_size)*np.log(n)
/home/igirela/DiscreteMarkovNetworkMPI/discrete_gm_nonpos.py:50: RuntimeWarning: invalid value encountered in multiply
  bic = lpl - self.c*pow(len(np.unique(X)),ne_size)*np.log(n)
/home/igirela/DiscreteMarkovNetworkMPI/discrete_gm_nonpos.py:50: RuntimeWarning: divide by zero encountered in log
  bic = lpl - self.c*pow(len(np.unique(X)),ne_size)*np.log(n)
/home/igirela/DiscreteMarkovNetworkMPI/discrete_gm_nonpos.py:50: RuntimeWarning: divide by zero encountered in log
  bic = lpl - self.c*pow(len(np.unique(X)),ne_size)*np.log(n)
/home/igirela/DiscreteMarkovNetworkMPI/discrete_gm_nonpos.py:50: RuntimeWarning: invalid value encountered in multiply
  bic = lpl - self.c*pow(len(np.unique(X)),ne_size)*np.log(n)
/home/igirela/DiscreteMarkovNetworkMPI/discrete_gm_nonpos.py:50: RuntimeWarning: invalid value encountered in multiply
  bic = lpl - self.c*pow(len(np.unique(X)),ne_size)*np.log(n)
Networks estimated ... proceed to save data
/home/igirela/DiscreteMarkovNetworkMPI/discrete_gm_nonpos.py:50: RuntimeWarning: divide by zero encountered in log
  bic = lpl - self.c*pow(len(np.unique(X)),ne_size)*np.log(n)
/home/igirela/DiscreteMarkovNetworkMPI/discrete_gm_nonpos.py:50: RuntimeWarning: invalid value encountered in multiply
  bic = lpl - self.c*pow(len(np.unique(X)),ne_size)*np.log(n)
/home/igirela/DiscreteMarkovNetworkMPI/discrete_gm_nonpos.py:50: RuntimeWarning: divide by zero encountered in log
  bic = lpl - self.c*pow(len(np.unique(X)),ne_size)*np.log(n)
/home/igirela/DiscreteMarkovNetworkMPI/discrete_gm_nonpos.py:50: RuntimeWarning: divide by zero encountered in log
  bic = lpl - self.c*pow(len(np.unique(X)),ne_size)*np.log(n)
/home/igirela/DiscreteMarkovNetworkMPI/discrete_gm_nonpos.py:50: RuntimeWarning: divide by zero encountered in log
  bic = lpl - self.c*pow(len(np.unique(X)),ne_size)*np.log(n)
/home/igirela/DiscreteMarkovNetworkMPI/discrete_gm_nonpos.py:50: RuntimeWarning: invalid value encountered in multiply
  bic = lpl - self.c*pow(len(np.unique(X)),ne_size)*np.log(n)
/home/igirela/DiscreteMarkovNetworkMPI/discrete_gm_nonpos.py:50: RuntimeWarning: invalid value encountered in multiply
  bic = lpl - self.c*pow(len(np.unique(X)),ne_size)*np.log(n)
/home/igirela/DiscreteMarkovNetworkMPI/discrete_gm_nonpos.py:50: RuntimeWarning: invalid value encountered in multiply
  bic = lpl - self.c*pow(len(np.unique(X)),ne_size)*np.log(n)
/home/igirela/DiscreteMarkovNetworkMPI/discrete_gm_nonpos.py:50: RuntimeWarning: divide by zero encountered in log
  bic = lpl - self.c*pow(len(np.unique(X)),ne_size)*np.log(n)
/home/igirela/DiscreteMarkovNetworkMPI/discrete_gm_nonpos.py:50: RuntimeWarning: divide by zero encountered in log
  bic = lpl - self.c*pow(len(np.unique(X)),ne_size)*np.log(n)
/home/igirela/DiscreteMarkovNetworkMPI/discrete_gm_nonpos.py:50: RuntimeWarning: invalid value encountered in multiply
  bic = lpl - self.c*pow(len(np.unique(X)),ne_size)*np.log(n)
/home/igirela/DiscreteMarkovNetworkMPI/discrete_gm_nonpos.py:50: RuntimeWarning: divide by zero encountered in log
  bic = lpl - self.c*pow(len(np.unique(X)),ne_size)*np.log(n)
/home/igirela/DiscreteMarkovNetworkMPI/discrete_gm_nonpos.py:50: RuntimeWarning: invalid value encountered in multiply
  bic = lpl - self.c*pow(len(np.unique(X)),ne_size)*np.log(n)
/home/igirela/DiscreteMarkovNetworkMPI/discrete_gm_nonpos.py:50: RuntimeWarning: divide by zero encountered in log
  bic = lpl - self.c*pow(len(np.unique(X)),ne_size)*np.log(n)
/home/igirela/DiscreteMarkovNetworkMPI/discrete_gm_nonpos.py:50: RuntimeWarning: divide by zero encountered in log
  bic = lpl - self.c*pow(len(np.unique(X)),ne_size)*np.log(n)
/home/igirela/DiscreteMarkovNetworkMPI/discrete_gm_nonpos.py:50: RuntimeWarning: invalid value encountered in multiply
  bic = lpl - self.c*pow(len(np.unique(X)),ne_size)*np.log(n)
/home/igirela/DiscreteMarkovNetworkMPI/discrete_gm_nonpos.py:50: RuntimeWarning: divide by zero encountered in log
  bic = lpl - self.c*pow(len(np.unique(X)),ne_size)*np.log(n)
/home/igirela/DiscreteMarkovNetworkMPI/discrete_gm_nonpos.py:50: RuntimeWarning: invalid value encountered in multiply
  bic = lpl - self.c*pow(len(np.unique(X)),ne_size)*np.log(n)
/home/igirela/DiscreteMarkovNetworkMPI/discrete_gm_nonpos.py:50: RuntimeWarning: invalid value encountered in multiply
  bic = lpl - self.c*pow(len(np.unique(X)),ne_size)*np.log(n)
/home/igirela/DiscreteMarkovNetworkMPI/discrete_gm_nonpos.py:50: RuntimeWarning: invalid value encountered in multiply
  bic = lpl - self.c*pow(len(np.unique(X)),ne_size)*np.log(n)
Networks estimated ... proceed to save data
Working on bgd_mics19
Working on pak_dhs17-18
Networks estimated ... proceed to save data
Networks estimated ... proceed to save data
Working on mli_dhs18
Networks estimated ... proceed to save data
Networks estimated ... proceed to save data
Working on dza_mics18-19
Working on sle_dhs19
Working on tun_mics23
Working on cub_mics19
Working on gnb_mics18-19
Working on mwi_mics19-20
Working on wsm_mics19-20
Networks estimated ... proceed to save data
Networks estimated ... proceed to save data
Working on gin_dhs18
Working on mkd_mics18-19
Networks estimated ... proceed to save data
Networks estimated ... proceed to save data
Working on pse_mics19-20
Networks estimated ... proceed to save data
Networks estimated ... proceed to save data
Working on hnd_mics19
Working on zmb_dhs18
Working on nga_mics21
/home/igirela/DiscreteMarkovNetworkMPI/discrete_gm_nonpos.py:50: RuntimeWarning: divide by zero encountered in log
  bic = lpl - self.c*pow(len(np.unique(X)),ne_size)*np.log(n)
/home/igirela/DiscreteMarkovNetworkMPI/discrete_gm_nonpos.py:50: RuntimeWarning: divide by zero encountered in log
  bic = lpl - self.c*pow(len(np.unique(X)),ne_size)*np.log(n)
/home/igirela/DiscreteMarkovNetworkMPI/discrete_gm_nonpos.py:50: RuntimeWarning: divide by zero encountered in log
  bic = lpl - self.c*pow(len(np.unique(X)),ne_size)*np.log(n)
/home/igirela/DiscreteMarkovNetworkMPI/discrete_gm_nonpos.py:50: RuntimeWarning: divide by zero encountered in log
  bic = lpl - self.c*pow(len(np.unique(X)),ne_size)*np.log(n)
/home/igirela/DiscreteMarkovNetworkMPI/discrete_gm_nonpos.py:50: RuntimeWarning: invalid value encountered in multiply
  bic = lpl - self.c*pow(len(np.unique(X)),ne_size)*np.log(n)
/home/igirela/DiscreteMarkovNetworkMPI/discrete_gm_nonpos.py:50: RuntimeWarning: divide by zero encountered in log
  bic = lpl - self.c*pow(len(np.unique(X)),ne_size)*np.log(n)
/home/igirela/DiscreteMarkovNetworkMPI/discrete_gm_nonpos.py:50: RuntimeWarning: invalid value encountered in multiply
  bic = lpl - self.c*pow(len(np.unique(X)),ne_size)*np.log(n)
/home/igirela/DiscreteMarkovNetworkMPI/discrete_gm_nonpos.py:50: RuntimeWarning: invalid value encountered in multiply
  bic = lpl - self.c*pow(len(np.unique(X)),ne_size)*np.log(n)
/home/igirela/DiscreteMarkovNetworkMPI/discrete_gm_nonpos.py:50: RuntimeWarning: invalid value encountered in multiply
  bic = lpl - self.c*pow(len(np.unique(X)),ne_size)*np.log(n)
/home/igirela/DiscreteMarkovNetworkMPI/discrete_gm_nonpos.py:50: RuntimeWarning: divide by zero encountered in log
  bic = lpl - self.c*pow(len(np.unique(X)),ne_size)*np.log(n)
/home/igirela/DiscreteMarkovNetworkMPI/discrete_gm_nonpos.py:50: RuntimeWarning: invalid value encountered in multiply
  bic = lpl - self.c*pow(len(np.unique(X)),ne_size)*np.log(n)
/home/igirela/DiscreteMarkovNetworkMPI/discrete_gm_nonpos.py:50: RuntimeWarning: divide by zero encountered in log
  bic = lpl - self.c*pow(len(np.unique(X)),ne_size)*np.log(n)
/home/igirela/DiscreteMarkovNetworkMPI/discrete_gm_nonpos.py:50: RuntimeWarning: invalid value encountered in multiply
  bic = lpl - self.c*pow(len(np.unique(X)),ne_size)*np.log(n)
/home/igirela/DiscreteMarkovNetworkMPI/discrete_gm_nonpos.py:50: RuntimeWarning: invalid value encountered in multiply
  bic = lpl - self.c*pow(len(np.unique(X)),ne_size)*np.log(n)
/home/igirela/DiscreteMarkovNetworkMPI/discrete_gm_nonpos.py:50: RuntimeWarning: divide by zero encountered in log
  bic = lpl - self.c*pow(len(np.unique(X)),ne_size)*np.log(n)
/home/igirela/DiscreteMarkovNetworkMPI/discrete_gm_nonpos.py:50: RuntimeWarning: divide by zero encountered in log
  bic = lpl - self.c*pow(len(np.unique(X)),ne_size)*np.log(n)
/home/igirela/DiscreteMarkovNetworkMPI/discrete_gm_nonpos.py:50: RuntimeWarning: invalid value encountered in multiply
  bic = lpl - self.c*pow(len(np.unique(X)),ne_size)*np.log(n)
/home/igirela/DiscreteMarkovNetworkMPI/discrete_gm_nonpos.py:50: RuntimeWarning: divide by zero encountered in log
  bic = lpl - self.c*pow(len(np.unique(X)),ne_size)*np.log(n)
/home/igirela/DiscreteMarkovNetworkMPI/discrete_gm_nonpos.py:50: RuntimeWarning: invalid value encountered in multiply
  bic = lpl - self.c*pow(len(np.unique(X)),ne_size)*np.log(n)
/home/igirela/DiscreteMarkovNetworkMPI/discrete_gm_nonpos.py:50: RuntimeWarning: invalid value encountered in multiply
  bic = lpl - self.c*pow(len(np.unique(X)),ne_size)*np.log(n)
Networks estimated ... proceed to save data
/home/igirela/DiscreteMarkovNetworkMPI/discrete_gm_nonpos.py:50: RuntimeWarning: divide by zero encountered in log
  bic = lpl - self.c*pow(len(np.unique(X)),ne_size)*np.log(n)
/home/igirela/DiscreteMarkovNetworkMPI/discrete_gm_nonpos.py:50: RuntimeWarning: divide by zero encountered in log
  bic = lpl - self.c*pow(len(np.unique(X)),ne_size)*np.log(n)
/home/igirela/DiscreteMarkovNetworkMPI/discrete_gm_nonpos.py:50: RuntimeWarning: divide by zero encountered in log
  bic = lpl - self.c*pow(len(np.unique(X)),ne_size)*np.log(n)
/home/igirela/DiscreteMarkovNetworkMPI/discrete_gm_nonpos.py:50: RuntimeWarning: invalid value encountered in multiply
  bic = lpl - self.c*pow(len(np.unique(X)),ne_size)*np.log(n)
/home/igirela/DiscreteMarkovNetworkMPI/discrete_gm_nonpos.py:50: RuntimeWarning: divide by zero encountered in log
  bic = lpl - self.c*pow(len(np.unique(X)),ne_size)*np.log(n)
/home/igirela/DiscreteMarkovNetworkMPI/discrete_gm_nonpos.py:50: RuntimeWarning: invalid value encountered in multiply
  bic = lpl - self.c*pow(len(np.unique(X)),ne_size)*np.log(n)
/home/igirela/DiscreteMarkovNetworkMPI/discrete_gm_nonpos.py:50: RuntimeWarning: divide by zero encountered in log
  bic = lpl - self.c*pow(len(np.unique(X)),ne_size)*np.log(n)
/home/igirela/DiscreteMarkovNetworkMPI/discrete_gm_nonpos.py:50: RuntimeWarning: invalid value encountered in multiply
  bic = lpl - self.c*pow(len(np.unique(X)),ne_size)*np.log(n)
/home/igirela/DiscreteMarkovNetworkMPI/discrete_gm_nonpos.py:50: RuntimeWarning: divide by zero encountered in log
  bic = lpl - self.c*pow(len(np.unique(X)),ne_size)*np.log(n)
/home/igirela/DiscreteMarkovNetworkMPI/discrete_gm_nonpos.py:50: RuntimeWarning: invalid value encountered in multiply
  bic = lpl - self.c*pow(len(np.unique(X)),ne_size)*np.log(n)
/home/igirela/DiscreteMarkovNetworkMPI/discrete_gm_nonpos.py:50: RuntimeWarning: divide by zero encountered in log
  bic = lpl - self.c*pow(len(np.unique(X)),ne_size)*np.log(n)
/home/igirela/DiscreteMarkovNetworkMPI/discrete_gm_nonpos.py:50: RuntimeWarning: invalid value encountered in multiply
  bic = lpl - self.c*pow(len(np.unique(X)),ne_size)*np.log(n)
/home/igirela/DiscreteMarkovNetworkMPI/discrete_gm_nonpos.py:50: RuntimeWarning: divide by zero encountered in log
  bic = lpl - self.c*pow(len(np.unique(X)),ne_size)*np.log(n)
/home/igirela/DiscreteMarkovNetworkMPI/discrete_gm_nonpos.py:50: RuntimeWarning: divide by zero encountered in log
  bic = lpl - self.c*pow(len(np.unique(X)),ne_size)*np.log(n)
/home/igirela/DiscreteMarkovNetworkMPI/discrete_gm_nonpos.py:50: RuntimeWarning: invalid value encountered in multiply
  bic = lpl - self.c*pow(len(np.unique(X)),ne_size)*np.log(n)
/home/igirela/DiscreteMarkovNetworkMPI/discrete_gm_nonpos.py:50: RuntimeWarning: invalid value encountered in multiply
  bic = lpl - self.c*pow(len(np.unique(X)),ne_size)*np.log(n)
/home/igirela/DiscreteMarkovNetworkMPI/discrete_gm_nonpos.py:50: RuntimeWarning: invalid value encountered in multiply
  bic = lpl - self.c*pow(len(np.unique(X)),ne_size)*np.log(n)
/home/igirela/DiscreteMarkovNetworkMPI/discrete_gm_nonpos.py:50: RuntimeWarning: invalid value encountered in multiply
  bic = lpl - self.c*pow(len(np.unique(X)),ne_size)*np.log(n)
/home/igirela/DiscreteMarkovNetworkMPI/discrete_gm_nonpos.py:50: RuntimeWarning: divide by zero encountered in log
  bic = lpl - self.c*pow(len(np.unique(X)),ne_size)*np.log(n)
/home/igirela/DiscreteMarkovNetworkMPI/discrete_gm_nonpos.py:50: RuntimeWarning: invalid value encountered in multiply
  bic = lpl - self.c*pow(len(np.unique(X)),ne_size)*np.log(n)
Networks estimated ... proceed to save data
Working on guy_mics19-20
Working on cod_mics17-18
Networks estimated ... proceed to save data
Networks estimated ... proceed to save data
Working on mng_mics18
Working on mdv_dhs16-17
Networks estimated ... proceed to save data
Networks estimated ... proceed to save data
Working on tcd_mics19
Working on bfa_dhs21
Working on mda_mics12
Working on eth_dhs19
Working on zwe_mics19
Working on slv_mics14
Networks estimated ... proceed to save data
Networks estimated ... proceed to save data
Working on ner_dhs12
Working on lao_mics17
Networks estimated ... proceed to save data
Networks estimated ... proceed to save data
Working on cog_mics14-15
Networks estimated ... proceed to save data
Networks estimated ... proceed to save data
Working on ton_mics19
Working on civ_dhs21
Working on sdn_mics14
Working on dom_mics19
Networks estimated ... proceed to save data
Networks estimated ... proceed to save data
Working on gab_dhs19-21
Working on kaz_mics15
Working on tza_dhs22
Working on yem_mics22-23
/home/igirela/DiscreteMarkovNetworkMPI/discrete_gm_nonpos.py:50: RuntimeWarning: divide by zero encountered in log
  bic = lpl - self.c*pow(len(np.unique(X)),ne_size)*np.log(n)
/home/igirela/DiscreteMarkovNetworkMPI/discrete_gm_nonpos.py:50: RuntimeWarning: divide by zero encountered in log
  bic = lpl - self.c*pow(len(np.unique(X)),ne_size)*np.log(n)
/home/igirela/DiscreteMarkovNetworkMPI/discrete_gm_nonpos.py:50: RuntimeWarning: divide by zero encountered in log
  bic = lpl - self.c*pow(len(np.unique(X)),ne_size)*np.log(n)
/home/igirela/DiscreteMarkovNetworkMPI/discrete_gm_nonpos.py:50: RuntimeWarning: divide by zero encountered in log
  bic = lpl - self.c*pow(len(np.unique(X)),ne_size)*np.log(n)
/home/igirela/DiscreteMarkovNetworkMPI/discrete_gm_nonpos.py:50: RuntimeWarning: invalid value encountered in multiply
  bic = lpl - self.c*pow(len(np.unique(X)),ne_size)*np.log(n)
/home/igirela/DiscreteMarkovNetworkMPI/discrete_gm_nonpos.py:50: RuntimeWarning: invalid value encountered in multiply
  bic = lpl - self.c*pow(len(np.unique(X)),ne_size)*np.log(n)
/home/igirela/DiscreteMarkovNetworkMPI/discrete_gm_nonpos.py:50: RuntimeWarning: divide by zero encountered in log
  bic = lpl - self.c*pow(len(np.unique(X)),ne_size)*np.log(n)
/home/igirela/DiscreteMarkovNetworkMPI/discrete_gm_nonpos.py:50: RuntimeWarning: invalid value encountered in multiply
  bic = lpl - self.c*pow(len(np.unique(X)),ne_size)*np.log(n)
/home/igirela/DiscreteMarkovNetworkMPI/discrete_gm_nonpos.py:50: RuntimeWarning: invalid value encountered in multiply
  bic = lpl - self.c*pow(len(np.unique(X)),ne_size)*np.log(n)
/home/igirela/DiscreteMarkovNetworkMPI/discrete_gm_nonpos.py:50: RuntimeWarning: divide by zero encountered in log
  bic = lpl - self.c*pow(len(np.unique(X)),ne_size)*np.log(n)
/home/igirela/DiscreteMarkovNetworkMPI/discrete_gm_nonpos.py:50: RuntimeWarning: divide by zero encountered in log
  bic = lpl - self.c*pow(len(np.unique(X)),ne_size)*np.log(n)
/home/igirela/DiscreteMarkovNetworkMPI/discrete_gm_nonpos.py:50: RuntimeWarning: divide by zero encountered in log
  bic = lpl - self.c*pow(len(np.unique(X)),ne_size)*np.log(n)
/home/igirela/DiscreteMarkovNetworkMPI/discrete_gm_nonpos.py:50: RuntimeWarning: invalid value encountered in multiply
  bic = lpl - self.c*pow(len(np.unique(X)),ne_size)*np.log(n)
/home/igirela/DiscreteMarkovNetworkMPI/discrete_gm_nonpos.py:50: RuntimeWarning: invalid value encountered in multiply
  bic = lpl - self.c*pow(len(np.unique(X)),ne_size)*np.log(n)
/home/igirela/DiscreteMarkovNetworkMPI/discrete_gm_nonpos.py:50: RuntimeWarning: invalid value encountered in multiply
  bic = lpl - self.c*pow(len(np.unique(X)),ne_size)*np.log(n)
/home/igirela/DiscreteMarkovNetworkMPI/discrete_gm_nonpos.py:50: RuntimeWarning: divide by zero encountered in log
  bic = lpl - self.c*pow(len(np.unique(X)),ne_size)*np.log(n)
/home/igirela/DiscreteMarkovNetworkMPI/discrete_gm_nonpos.py:50: RuntimeWarning: invalid value encountered in multiply
  bic = lpl - self.c*pow(len(np.unique(X)),ne_size)*np.log(n)
/home/igirela/DiscreteMarkovNetworkMPI/discrete_gm_nonpos.py:50: RuntimeWarning: divide by zero encountered in log
  bic = lpl - self.c*pow(len(np.unique(X)),ne_size)*np.log(n)
/home/igirela/DiscreteMarkovNetworkMPI/discrete_gm_nonpos.py:50: RuntimeWarning: invalid value encountered in multiply
  bic = lpl - self.c*pow(len(np.unique(X)),ne_size)*np.log(n)
/home/igirela/DiscreteMarkovNetworkMPI/discrete_gm_nonpos.py:50: RuntimeWarning: invalid value encountered in multiply
  bic = lpl - self.c*pow(len(np.unique(X)),ne_size)*np.log(n)
Networks estimated ... proceed to save data
/home/igirela/DiscreteMarkovNetworkMPI/discrete_gm_nonpos.py:50: RuntimeWarning: divide by zero encountered in log
  bic = lpl - self.c*pow(len(np.unique(X)),ne_size)*np.log(n)
/home/igirela/DiscreteMarkovNetworkMPI/discrete_gm_nonpos.py:50: RuntimeWarning: divide by zero encountered in log
  bic = lpl - self.c*pow(len(np.unique(X)),ne_size)*np.log(n)
/home/igirela/DiscreteMarkovNetworkMPI/discrete_gm_nonpos.py:50: RuntimeWarning: invalid value encountered in multiply
  bic = lpl - self.c*pow(len(np.unique(X)),ne_size)*np.log(n)
/home/igirela/DiscreteMarkovNetworkMPI/discrete_gm_nonpos.py:50: RuntimeWarning: invalid value encountered in multiply
  bic = lpl - self.c*pow(len(np.unique(X)),ne_size)*np.log(n)
/home/igirela/DiscreteMarkovNetworkMPI/discrete_gm_nonpos.py:50: RuntimeWarning: divide by zero encountered in log
  bic = lpl - self.c*pow(len(np.unique(X)),ne_size)*np.log(n)
/home/igirela/DiscreteMarkovNetworkMPI/discrete_gm_nonpos.py:50: RuntimeWarning: divide by zero encountered in log
  bic = lpl - self.c*pow(len(np.unique(X)),ne_size)*np.log(n)
/home/igirela/DiscreteMarkovNetworkMPI/discrete_gm_nonpos.py:50: RuntimeWarning: divide by zero encountered in log
  bic = lpl - self.c*pow(len(np.unique(X)),ne_size)*np.log(n)
/home/igirela/DiscreteMarkovNetworkMPI/discrete_gm_nonpos.py:50: RuntimeWarning: invalid value encountered in multiply
  bic = lpl - self.c*pow(len(np.unique(X)),ne_size)*np.log(n)
/home/igirela/DiscreteMarkovNetworkMPI/discrete_gm_nonpos.py:50: RuntimeWarning: invalid value encountered in multiply
  bic = lpl - self.c*pow(len(np.unique(X)),ne_size)*np.log(n)
/home/igirela/DiscreteMarkovNetworkMPI/discrete_gm_nonpos.py:50: RuntimeWarning: invalid value encountered in multiply
  bic = lpl - self.c*pow(len(np.unique(X)),ne_size)*np.log(n)
/home/igirela/DiscreteMarkovNetworkMPI/discrete_gm_nonpos.py:50: RuntimeWarning: divide by zero encountered in log
  bic = lpl - self.c*pow(len(np.unique(X)),ne_size)*np.log(n)
/home/igirela/DiscreteMarkovNetworkMPI/discrete_gm_nonpos.py:50: RuntimeWarning: invalid value encountered in multiply
  bic = lpl - self.c*pow(len(np.unique(X)),ne_size)*np.log(n)
/home/igirela/DiscreteMarkovNetworkMPI/discrete_gm_nonpos.py:50: RuntimeWarning: divide by zero encountered in log
  bic = lpl - self.c*pow(len(np.unique(X)),ne_size)*np.log(n)
/home/igirela/DiscreteMarkovNetworkMPI/discrete_gm_nonpos.py:50: RuntimeWarning: divide by zero encountered in log
  bic = lpl - self.c*pow(len(np.unique(X)),ne_size)*np.log(n)
/home/igirela/DiscreteMarkovNetworkMPI/discrete_gm_nonpos.py:50: RuntimeWarning: invalid value encountered in multiply
  bic = lpl - self.c*pow(len(np.unique(X)),ne_size)*np.log(n)
/home/igirela/DiscreteMarkovNetworkMPI/discrete_gm_nonpos.py:50: RuntimeWarning: divide by zero encountered in log
  bic = lpl - self.c*pow(len(np.unique(X)),ne_size)*np.log(n)
/home/igirela/DiscreteMarkovNetworkMPI/discrete_gm_nonpos.py:50: RuntimeWarning: invalid value encountered in multiply
  bic = lpl - self.c*pow(len(np.unique(X)),ne_size)*np.log(n)
/home/igirela/DiscreteMarkovNetworkMPI/discrete_gm_nonpos.py:50: RuntimeWarning: divide by zero encountered in log
  bic = lpl - self.c*pow(len(np.unique(X)),ne_size)*np.log(n)
/home/igirela/DiscreteMarkovNetworkMPI/discrete_gm_nonpos.py:50: RuntimeWarning: invalid value encountered in multiply
  bic = lpl - self.c*pow(len(np.unique(X)),ne_size)*np.log(n)
/home/igirela/DiscreteMarkovNetworkMPI/discrete_gm_nonpos.py:50: RuntimeWarning: invalid value encountered in multiply
  bic = lpl - self.c*pow(len(np.unique(X)),ne_size)*np.log(n)
Networks estimated ... proceed to save data
Working on cmr_dhs18
Working on mrt_dhs19-21
Working on tuv_mics19-20
Networks estimated ... proceed to save data
Networks estimated ... proceed to save data
Working on geo_mics18
Working on kir_mics18-19
Working on irq_mics18
Working on khm_dhs21-22
Networks estimated ... proceed to save data
Networks estimated ... proceed to save data
Working on gha_dhs22
Networks estimated ... proceed to save data
Networks estimated ... proceed to save data
Working on cri_mics18
/home/igirela/DiscreteMarkovNetworkMPI/discrete_gm_nonpos.py:50: RuntimeWarning: divide by zero encountered in log
  bic = lpl - self.c*pow(len(np.unique(X)),ne_size)*np.log(n)
/home/igirela/DiscreteMarkovNetworkMPI/discrete_gm_nonpos.py:50: RuntimeWarning: divide by zero encountered in log
  bic = lpl - self.c*pow(len(np.unique(X)),ne_size)*np.log(n)
/home/igirela/DiscreteMarkovNetworkMPI/discrete_gm_nonpos.py:50: RuntimeWarning: invalid value encountered in multiply
  bic = lpl - self.c*pow(len(np.unique(X)),ne_size)*np.log(n)
/home/igirela/DiscreteMarkovNetworkMPI/discrete_gm_nonpos.py:50: RuntimeWarning: divide by zero encountered in log
  bic = lpl - self.c*pow(len(np.unique(X)),ne_size)*np.log(n)
/home/igirela/DiscreteMarkovNetworkMPI/discrete_gm_nonpos.py:50: RuntimeWarning: invalid value encountered in multiply
  bic = lpl - self.c*pow(len(np.unique(X)),ne_size)*np.log(n)
/home/igirela/DiscreteMarkovNetworkMPI/discrete_gm_nonpos.py:50: RuntimeWarning: divide by zero encountered in log
  bic = lpl - self.c*pow(len(np.unique(X)),ne_size)*np.log(n)
/home/igirela/DiscreteMarkovNetworkMPI/discrete_gm_nonpos.py:50: RuntimeWarning: divide by zero encountered in log
  bic = lpl - self.c*pow(len(np.unique(X)),ne_size)*np.log(n)
/home/igirela/DiscreteMarkovNetworkMPI/discrete_gm_nonpos.py:50: RuntimeWarning: invalid value encountered in multiply
  bic = lpl - self.c*pow(len(np.unique(X)),ne_size)*np.log(n)
/home/igirela/DiscreteMarkovNetworkMPI/discrete_gm_nonpos.py:50: RuntimeWarning: invalid value encountered in multiply
  bic = lpl - self.c*pow(len(np.unique(X)),ne_size)*np.log(n)
/home/igirela/DiscreteMarkovNetworkMPI/discrete_gm_nonpos.py:50: RuntimeWarning: invalid value encountered in multiply
  bic = lpl - self.c*pow(len(np.unique(X)),ne_size)*np.log(n)
/home/igirela/DiscreteMarkovNetworkMPI/discrete_gm_nonpos.py:50: RuntimeWarning: divide by zero encountered in log
  bic = lpl - self.c*pow(len(np.unique(X)),ne_size)*np.log(n)
/home/igirela/DiscreteMarkovNetworkMPI/discrete_gm_nonpos.py:50: RuntimeWarning: divide by zero encountered in log
  bic = lpl - self.c*pow(len(np.unique(X)),ne_size)*np.log(n)
/home/igirela/DiscreteMarkovNetworkMPI/discrete_gm_nonpos.py:50: RuntimeWarning: invalid value encountered in multiply
  bic = lpl - self.c*pow(len(np.unique(X)),ne_size)*np.log(n)
/home/igirela/DiscreteMarkovNetworkMPI/discrete_gm_nonpos.py:50: RuntimeWarning: divide by zero encountered in log
  bic = lpl - self.c*pow(len(np.unique(X)),ne_size)*np.log(n)
/home/igirela/DiscreteMarkovNetworkMPI/discrete_gm_nonpos.py:50: RuntimeWarning: divide by zero encountered in log
  bic = lpl - self.c*pow(len(np.unique(X)),ne_size)*np.log(n)
/home/igirela/DiscreteMarkovNetworkMPI/discrete_gm_nonpos.py:50: RuntimeWarning: divide by zero encountered in log
  bic = lpl - self.c*pow(len(np.unique(X)),ne_size)*np.log(n)
/home/igirela/DiscreteMarkovNetworkMPI/discrete_gm_nonpos.py:50: RuntimeWarning: invalid value encountered in multiply
  bic = lpl - self.c*pow(len(np.unique(X)),ne_size)*np.log(n)
/home/igirela/DiscreteMarkovNetworkMPI/discrete_gm_nonpos.py:50: RuntimeWarning: invalid value encountered in multiply
  bic = lpl - self.c*pow(len(np.unique(X)),ne_size)*np.log(n)
/home/igirela/DiscreteMarkovNetworkMPI/discrete_gm_nonpos.py:50: RuntimeWarning: invalid value encountered in multiply
  bic = lpl - self.c*pow(len(np.unique(X)),ne_size)*np.log(n)
/home/igirela/DiscreteMarkovNetworkMPI/discrete_gm_nonpos.py:50: RuntimeWarning: invalid value encountered in multiply
  bic = lpl - self.c*pow(len(np.unique(X)),ne_size)*np.log(n)
Networks estimated ... proceed to save data
/home/igirela/DiscreteMarkovNetworkMPI/discrete_gm_nonpos.py:50: RuntimeWarning: divide by zero encountered in log
  bic = lpl - self.c*pow(len(np.unique(X)),ne_size)*np.log(n)
/home/igirela/DiscreteMarkovNetworkMPI/discrete_gm_nonpos.py:50: RuntimeWarning: divide by zero encountered in log
  bic = lpl - self.c*pow(len(np.unique(X)),ne_size)*np.log(n)
/home/igirela/DiscreteMarkovNetworkMPI/discrete_gm_nonpos.py:50: RuntimeWarning: divide by zero encountered in log
  bic = lpl - self.c*pow(len(np.unique(X)),ne_size)*np.log(n)
/home/igirela/DiscreteMarkovNetworkMPI/discrete_gm_nonpos.py:50: RuntimeWarning: divide by zero encountered in log
  bic = lpl - self.c*pow(len(np.unique(X)),ne_size)*np.log(n)
/home/igirela/DiscreteMarkovNetworkMPI/discrete_gm_nonpos.py:50: RuntimeWarning: divide by zero encountered in log
  bic = lpl - self.c*pow(len(np.unique(X)),ne_size)*np.log(n)
/home/igirela/DiscreteMarkovNetworkMPI/discrete_gm_nonpos.py:50: RuntimeWarning: invalid value encountered in multiply
  bic = lpl - self.c*pow(len(np.unique(X)),ne_size)*np.log(n)
/home/igirela/DiscreteMarkovNetworkMPI/discrete_gm_nonpos.py:50: RuntimeWarning: invalid value encountered in multiply
  bic = lpl - self.c*pow(len(np.unique(X)),ne_size)*np.log(n)
/home/igirela/DiscreteMarkovNetworkMPI/discrete_gm_nonpos.py:50: RuntimeWarning: divide by zero encountered in log
  bic = lpl - self.c*pow(len(np.unique(X)),ne_size)*np.log(n)
/home/igirela/DiscreteMarkovNetworkMPI/discrete_gm_nonpos.py:50: RuntimeWarning: invalid value encountered in multiply
  bic = lpl - self.c*pow(len(np.unique(X)),ne_size)*np.log(n)
/home/igirela/DiscreteMarkovNetworkMPI/discrete_gm_nonpos.py:50: RuntimeWarning: invalid value encountered in multiply
  bic = lpl - self.c*pow(len(np.unique(X)),ne_size)*np.log(n)
/home/igirela/DiscreteMarkovNetworkMPI/discrete_gm_nonpos.py:50: RuntimeWarning: invalid value encountered in multiply
  bic = lpl - self.c*pow(len(np.unique(X)),ne_size)*np.log(n)
/home/igirela/DiscreteMarkovNetworkMPI/discrete_gm_nonpos.py:50: RuntimeWarning: invalid value encountered in multiply
  bic = lpl - self.c*pow(len(np.unique(X)),ne_size)*np.log(n)
/home/igirela/DiscreteMarkovNetworkMPI/discrete_gm_nonpos.py:50: RuntimeWarning: divide by zero encountered in log
  bic = lpl - self.c*pow(len(np.unique(X)),ne_size)*np.log(n)
/home/igirela/DiscreteMarkovNetworkMPI/discrete_gm_nonpos.py:50: RuntimeWarning: divide by zero encountered in log
  bic = lpl - self.c*pow(len(np.unique(X)),ne_size)*np.log(n)
/home/igirela/DiscreteMarkovNetworkMPI/discrete_gm_nonpos.py:50: RuntimeWarning: invalid value encountered in multiply
  bic = lpl - self.c*pow(len(np.unique(X)),ne_size)*np.log(n)
/home/igirela/DiscreteMarkovNetworkMPI/discrete_gm_nonpos.py:50: RuntimeWarning: divide by zero encountered in log
  bic = lpl - self.c*pow(len(np.unique(X)),ne_size)*np.log(n)
/home/igirela/DiscreteMarkovNetworkMPI/discrete_gm_nonpos.py:50: RuntimeWarning: invalid value encountered in multiply
  bic = lpl - self.c*pow(len(np.unique(X)),ne_size)*np.log(n)
/home/igirela/DiscreteMarkovNetworkMPI/discrete_gm_nonpos.py:50: RuntimeWarning: divide by zero encountered in log
  bic = lpl - self.c*pow(len(np.unique(X)),ne_size)*np.log(n)
/home/igirela/DiscreteMarkovNetworkMPI/discrete_gm_nonpos.py:50: RuntimeWarning: invalid value encountered in multiply
  bic = lpl - self.c*pow(len(np.unique(X)),ne_size)*np.log(n)
/home/igirela/DiscreteMarkovNetworkMPI/discrete_gm_nonpos.py:50: RuntimeWarning: invalid value encountered in multiply
  bic = lpl - self.c*pow(len(np.unique(X)),ne_size)*np.log(n)
Networks estimated ... proceed to save data
Working on ben_mics21-22
Working on moz_dhs22-23
Working on mdg_dhs21
Working on fji_mics21
Working on lbr_dhs19-20
Working on phl_dhs22
/home/igirela/DiscreteMarkovNetworkMPI/discrete_gm_nonpos.py:50: RuntimeWarning: divide by zero encountered in log
  bic = lpl - self.c*pow(len(np.unique(X)),ne_size)*np.log(n)
/home/igirela/DiscreteMarkovNetworkMPI/discrete_gm_nonpos.py:50: RuntimeWarning: divide by zero encountered in log
  bic = lpl - self.c*pow(len(np.unique(X)),ne_size)*np.log(n)
/home/igirela/DiscreteMarkovNetworkMPI/discrete_gm_nonpos.py:50: RuntimeWarning: divide by zero encountered in log
  bic = lpl - self.c*pow(len(np.unique(X)),ne_size)*np.log(n)
/home/igirela/DiscreteMarkovNetworkMPI/discrete_gm_nonpos.py:50: RuntimeWarning: invalid value encountered in multiply
  bic = lpl - self.c*pow(len(np.unique(X)),ne_size)*np.log(n)
/home/igirela/DiscreteMarkovNetworkMPI/discrete_gm_nonpos.py:50: RuntimeWarning: divide by zero encountered in log
  bic = lpl - self.c*pow(len(np.unique(X)),ne_size)*np.log(n)
/home/igirela/DiscreteMarkovNetworkMPI/discrete_gm_nonpos.py:50: RuntimeWarning: invalid value encountered in multiply
  bic = lpl - self.c*pow(len(np.unique(X)),ne_size)*np.log(n)
/home/igirela/DiscreteMarkovNetworkMPI/discrete_gm_nonpos.py:50: RuntimeWarning: divide by zero encountered in log
  bic = lpl - self.c*pow(len(np.unique(X)),ne_size)*np.log(n)
/home/igirela/DiscreteMarkovNetworkMPI/discrete_gm_nonpos.py:50: RuntimeWarning: invalid value encountered in multiply
  bic = lpl - self.c*pow(len(np.unique(X)),ne_size)*np.log(n)
/home/igirela/DiscreteMarkovNetworkMPI/discrete_gm_nonpos.py:50: RuntimeWarning: invalid value encountered in multiply
  bic = lpl - self.c*pow(len(np.unique(X)),ne_size)*np.log(n)
/home/igirela/DiscreteMarkovNetworkMPI/discrete_gm_nonpos.py:50: RuntimeWarning: invalid value encountered in multiply
  bic = lpl - self.c*pow(len(np.unique(X)),ne_size)*np.log(n)
/home/igirela/DiscreteMarkovNetworkMPI/discrete_gm_nonpos.py:50: RuntimeWarning: divide by zero encountered in log
  bic = lpl - self.c*pow(len(np.unique(X)),ne_size)*np.log(n)
/home/igirela/DiscreteMarkovNetworkMPI/discrete_gm_nonpos.py:50: RuntimeWarning: divide by zero encountered in log
  bic = lpl - self.c*pow(len(np.unique(X)),ne_size)*np.log(n)
/home/igirela/DiscreteMarkovNetworkMPI/discrete_gm_nonpos.py:50: RuntimeWarning: invalid value encountered in multiply
  bic = lpl - self.c*pow(len(np.unique(X)),ne_size)*np.log(n)
/home/igirela/DiscreteMarkovNetworkMPI/discrete_gm_nonpos.py:50: RuntimeWarning: divide by zero encountered in log
  bic = lpl - self.c*pow(len(np.unique(X)),ne_size)*np.log(n)
/home/igirela/DiscreteMarkovNetworkMPI/discrete_gm_nonpos.py:50: RuntimeWarning: divide by zero encountered in log
  bic = lpl - self.c*pow(len(np.unique(X)),ne_size)*np.log(n)
/home/igirela/DiscreteMarkovNetworkMPI/discrete_gm_nonpos.py:50: RuntimeWarning: divide by zero encountered in log
  bic = lpl - self.c*pow(len(np.unique(X)),ne_size)*np.log(n)
/home/igirela/DiscreteMarkovNetworkMPI/discrete_gm_nonpos.py:50: RuntimeWarning: invalid value encountered in multiply
  bic = lpl - self.c*pow(len(np.unique(X)),ne_size)*np.log(n)
/home/igirela/DiscreteMarkovNetworkMPI/discrete_gm_nonpos.py:50: RuntimeWarning: invalid value encountered in multiply
  bic = lpl - self.c*pow(len(np.unique(X)),ne_size)*np.log(n)
/home/igirela/DiscreteMarkovNetworkMPI/discrete_gm_nonpos.py:50: RuntimeWarning: invalid value encountered in multiply
  bic = lpl - self.c*pow(len(np.unique(X)),ne_size)*np.log(n)
/home/igirela/DiscreteMarkovNetworkMPI/discrete_gm_nonpos.py:50: RuntimeWarning: invalid value encountered in multiply
  bic = lpl - self.c*pow(len(np.unique(X)),ne_size)*np.log(n)
Networks estimated ... proceed to save data
/home/igirela/DiscreteMarkovNetworkMPI/discrete_gm_nonpos.py:50: RuntimeWarning: divide by zero encountered in log
  bic = lpl - self.c*pow(len(np.unique(X)),ne_size)*np.log(n)
/home/igirela/DiscreteMarkovNetworkMPI/discrete_gm_nonpos.py:50: RuntimeWarning: divide by zero encountered in log
  bic = lpl - self.c*pow(len(np.unique(X)),ne_size)*np.log(n)
/home/igirela/DiscreteMarkovNetworkMPI/discrete_gm_nonpos.py:50: RuntimeWarning: divide by zero encountered in log
  bic = lpl - self.c*pow(len(np.unique(X)),ne_size)*np.log(n)
/home/igirela/DiscreteMarkovNetworkMPI/discrete_gm_nonpos.py:50: RuntimeWarning: divide by zero encountered in log
  bic = lpl - self.c*pow(len(np.unique(X)),ne_size)*np.log(n)
/home/igirela/DiscreteMarkovNetworkMPI/discrete_gm_nonpos.py:50: RuntimeWarning: divide by zero encountered in log
  bic = lpl - self.c*pow(len(np.unique(X)),ne_size)*np.log(n)
/home/igirela/DiscreteMarkovNetworkMPI/discrete_gm_nonpos.py:50: RuntimeWarning: invalid value encountered in multiply
  bic = lpl - self.c*pow(len(np.unique(X)),ne_size)*np.log(n)
/home/igirela/DiscreteMarkovNetworkMPI/discrete_gm_nonpos.py:50: RuntimeWarning: divide by zero encountered in log
  bic = lpl - self.c*pow(len(np.unique(X)),ne_size)*np.log(n)
/home/igirela/DiscreteMarkovNetworkMPI/discrete_gm_nonpos.py:50: RuntimeWarning: invalid value encountered in multiply
  bic = lpl - self.c*pow(len(np.unique(X)),ne_size)*np.log(n)
/home/igirela/DiscreteMarkovNetworkMPI/discrete_gm_nonpos.py:50: RuntimeWarning: invalid value encountered in multiply
  bic = lpl - self.c*pow(len(np.unique(X)),ne_size)*np.log(n)
/home/igirela/DiscreteMarkovNetworkMPI/discrete_gm_nonpos.py:50: RuntimeWarning: invalid value encountered in multiply
  bic = lpl - self.c*pow(len(np.unique(X)),ne_size)*np.log(n)
/home/igirela/DiscreteMarkovNetworkMPI/discrete_gm_nonpos.py:50: RuntimeWarning: divide by zero encountered in log
  bic = lpl - self.c*pow(len(np.unique(X)),ne_size)*np.log(n)
/home/igirela/DiscreteMarkovNetworkMPI/discrete_gm_nonpos.py:50: RuntimeWarning: invalid value encountered in multiply
  bic = lpl - self.c*pow(len(np.unique(X)),ne_size)*np.log(n)
/home/igirela/DiscreteMarkovNetworkMPI/discrete_gm_nonpos.py:50: RuntimeWarning: invalid value encountered in multiply
  bic = lpl - self.c*pow(len(np.unique(X)),ne_size)*np.log(n)
/home/igirela/DiscreteMarkovNetworkMPI/discrete_gm_nonpos.py:50: RuntimeWarning: invalid value encountered in multiply
  bic = lpl - self.c*pow(len(np.unique(X)),ne_size)*np.log(n)
/home/igirela/DiscreteMarkovNetworkMPI/discrete_gm_nonpos.py:50: RuntimeWarning: divide by zero encountered in log
  bic = lpl - self.c*pow(len(np.unique(X)),ne_size)*np.log(n)
/home/igirela/DiscreteMarkovNetworkMPI/discrete_gm_nonpos.py:50: RuntimeWarning: divide by zero encountered in log
  bic = lpl - self.c*pow(len(np.unique(X)),ne_size)*np.log(n)
/home/igirela/DiscreteMarkovNetworkMPI/discrete_gm_nonpos.py:50: RuntimeWarning: divide by zero encountered in log
  bic = lpl - self.c*pow(len(np.unique(X)),ne_size)*np.log(n)
/home/igirela/DiscreteMarkovNetworkMPI/discrete_gm_nonpos.py:50: RuntimeWarning: invalid value encountered in multiply
  bic = lpl - self.c*pow(len(np.unique(X)),ne_size)*np.log(n)
/home/igirela/DiscreteMarkovNetworkMPI/discrete_gm_nonpos.py:50: RuntimeWarning: invalid value encountered in multiply
  bic = lpl - self.c*pow(len(np.unique(X)),ne_size)*np.log(n)
/home/igirela/DiscreteMarkovNetworkMPI/discrete_gm_nonpos.py:50: RuntimeWarning: invalid value encountered in multiply
  bic = lpl - self.c*pow(len(np.unique(X)),ne_size)*np.log(n)
Networks estimated ... proceed to save data
Working on blz_mics15-16
Working on kgz_mics18
Working on arg_mics19-20
Working on gmb_dhs19-20
Working on nam_dhs13
