/home/igirela/DiscreteMarkovNetworkMPI
### Start estimating stable graphs ###
# Working on caf_mics18-19 	1/62
Networks estimated proceed to save data ( 1 )
Networks estimated proceed to save data ( 2 )
Code in caf took 3 hours, 11 minutes, 59 seconds
# Working on npl_dhs22 	2/62
Networks estimated proceed to save data ( 1 )
Networks estimated proceed to save data ( 2 )
Code in npl took 2 hours, 34 minutes, 44 seconds
# Working on tgo_mics17 	3/62
Networks estimated proceed to save data ( 1 )
Networks estimated proceed to save data ( 2 )
Code in tgo took 3 hours, 41 minutes, 55 seconds
# Working on sur_mics18 	4/62
Networks estimated proceed to save data ( 1 )
Networks estimated proceed to save data ( 2 )
Code in sur took 2 hours, 26 minutes, 10 seconds
# Working on tha_mics22 	5/62
Networks estimated proceed to save data ( 1 )
Networks estimated proceed to save data ( 2 )
Code in tha took 3 hours, 24 minutes, 5 seconds
# Working on zaf_dhs16 	6/62
Networks estimated proceed to save data ( 1 )
Networks estimated proceed to save data ( 2 )
Code in zaf took 2 hours, 43 minutes, 48 seconds
# Working on com_mics22 	7/62
Networks estimated proceed to save data ( 1 )
Networks estimated proceed to save data ( 2 )
Code in com took 3 hours, 19 minutes, 33 seconds
# Working on srb_mics19 	8/62
Networks estimated proceed to save data ( 1 )
Networks estimated proceed to save data ( 2 )
Code in srb took 1 hours, 37 minutes, 59 seconds
# Working on pry_mics16 	9/62
Networks estimated proceed to save data ( 1 )
Networks estimated proceed to save data ( 2 )
Code in pry took 2 hours, 41 minutes, 5 seconds
# Working on bgd_mics19 	10/62
Networks estimated proceed to save data ( 1 )
Networks estimated proceed to save data ( 2 )
Code in bgd took 8 hours, 56 minutes, 3 seconds
# Working on pak_dhs17-18 	11/62
Networks estimated proceed to save data ( 1 )
Networks estimated proceed to save data ( 2 )
Code in pak took 3 hours, 26 minutes, 36 seconds
# Working on mli_dhs18 	12/62
Networks estimated proceed to save data ( 1 )
Networks estimated proceed to save data ( 2 )
Code in mli took 4 hours, 23 minutes, 36 seconds
# Working on dza_mics18-19 	13/62
Networks estimated proceed to save data ( 1 )
Networks estimated proceed to save data ( 2 )
Code in dza took 4 hours, 19 minutes, 1 seconds
# Working on sle_dhs19 	14/62
Networks estimated proceed to save data ( 1 )
Networks estimated proceed to save data ( 2 )
Code in sle took 3 hours, 29 minutes, 0 seconds
# Working on tun_mics23 	15/62
Networks estimated proceed to save data ( 1 )
Networks estimated proceed to save data ( 2 )
Code in tun took 1 hours, 54 minutes, 7 seconds
# Working on cub_mics19 	16/62
Networks estimated proceed to save data ( 1 )
Networks estimated proceed to save data ( 2 )
Code in cub took 2 hours, 38 minutes, 35 seconds
# Working on gnb_mics18-19 	17/62
Networks estimated proceed to save data ( 1 )
Networks estimated proceed to save data ( 2 )
Code in gnb took 2 hours, 49 minutes, 6 seconds
# Working on mwi_mics19-20 	18/62
Networks estimated proceed to save data ( 1 )
Networks estimated proceed to save data ( 2 )
Code in mwi took 5 hours, 8 minutes, 23 seconds
# Working on wsm_mics19-20 	19/62
Networks estimated proceed to save data ( 1 )
Networks estimated proceed to save data ( 2 )
Code in wsm took 1 hours, 45 minutes, 31 seconds
# Working on gin_dhs18 	20/62
Networks estimated proceed to save data ( 1 )
Networks estimated proceed to save data ( 2 )
Code in gin took 3 hours, 26 minutes, 47 seconds
# Working on mkd_mics18-19 	21/62
Networks estimated proceed to save data ( 1 )
Networks estimated proceed to save data ( 2 )
Code in mkd took 1 hours, 15 minutes, 36 seconds
# Working on pse_mics19-20 	22/62
Networks estimated proceed to save data ( 1 )
Networks estimated proceed to save data ( 2 )
Code in pse took 1 hours, 22 minutes, 46 seconds
# Working on hnd_mics19 	23/62
Networks estimated proceed to save data ( 1 )
Networks estimated proceed to save data ( 2 )
Code in hnd took 4 hours, 59 minutes, 51 seconds
# Working on zmb_dhs18 	24/62
Networks estimated proceed to save data ( 1 )
Networks estimated proceed to save data ( 2 )
Code in zmb took 3 hours, 57 minutes, 51 seconds
# Working on guy_mics19-20 	25/62
Networks estimated proceed to save data ( 1 )
Networks estimated proceed to save data ( 2 )
Code in guy took 3 hours, 8 minutes, 31 seconds
# Working on cod_mics17-18 	26/62
Networks estimated proceed to save data ( 1 )
Networks estimated proceed to save data ( 2 )
Code in cod took 4 hours, 54 minutes, 43 seconds
# Working on mng_mics18 	27/62
Networks estimated proceed to save data ( 1 )
Networks estimated proceed to save data ( 2 )
Code in mng took 2 hours, 45 minutes, 56 seconds
# Working on mdv_dhs16-17 	28/62
Networks estimated proceed to save data ( 1 )
Networks estimated proceed to save data ( 2 )
Code in mdv took 1 hours, 17 minutes, 59 seconds
# Working on tcd_mics19 	29/62
Networks estimated proceed to save data ( 1 )
Networks estimated proceed to save data ( 2 )
Code in tcd took 6 hours, 1 minutes, 14 seconds
# Working on bfa_dhs21 	30/62
Networks estimated proceed to save data ( 1 )
Networks estimated proceed to save data ( 2 )
Code in bfa took 3 hours, 58 minutes, 48 seconds
# Working on mda_mics12 	31/62
Networks estimated proceed to save data ( 1 )
Networks estimated proceed to save data ( 2 )
Code in mda took 2 hours, 35 minutes, 15 seconds
# Working on eth_dhs19 	32/62
Networks estimated proceed to save data ( 1 )
Networks estimated proceed to save data ( 2 )
Code in eth took 3 hours, 53 minutes, 1 seconds
# Working on zwe_mics19 	33/62
Networks estimated proceed to save data ( 1 )
Networks estimated proceed to save data ( 2 )
Code in zwe took 4 hours, 9 minutes, 1 seconds
# Working on slv_mics14 	34/62
Networks estimated proceed to save data ( 1 )
Networks estimated proceed to save data ( 2 )
Code in slv took 3 hours, 55 minutes, 41 seconds
# Working on ner_dhs12 	35/62
Networks estimated proceed to save data ( 1 )
Networks estimated proceed to save data ( 2 )
Code in ner took 3 hours, 22 minutes, 8 seconds
# Working on lao_mics17 	36/62
Networks estimated proceed to save data ( 1 )
Networks estimated proceed to save data ( 2 )
Code in lao took 5 hours, 4 minutes, 45 seconds
# Working on cog_mics14-15 	37/62
Networks estimated proceed to save data ( 1 )
Networks estimated proceed to save data ( 2 )
Code in cog took 4 hours, 37 minutes, 47 seconds
# Working on ton_mics19 	38/62
Networks estimated proceed to save data ( 1 )
Networks estimated proceed to save data ( 2 )
Code in ton took 1 hours, 20 minutes, 59 seconds
# Working on civ_dhs21 	39/62
Networks estimated proceed to save data ( 1 )
Networks estimated proceed to save data ( 2 )
Code in civ took 4 hours, 44 minutes, 12 seconds
# Working on sdn_mics14 	40/62
Networks estimated proceed to save data ( 1 )
Networks estimated proceed to save data ( 2 )
Code in sdn took 5 hours, 30 minutes, 15 seconds
# Working on dom_mics19 	41/62
Networks estimated proceed to save data ( 1 )
Networks estimated proceed to save data ( 2 )
Code in dom took 5 hours, 42 minutes, 30 seconds
# Working on gab_dhs19-21 	42/62
Networks estimated proceed to save data ( 1 )
Networks estimated proceed to save data ( 2 )
Code in gab took 4 hours, 45 minutes, 42 seconds
# Working on kaz_mics15 	43/62
Networks estimated proceed to save data ( 1 )
Networks estimated proceed to save data ( 2 )
Code in kaz took 1 hours, 39 minutes, 53 seconds
# Working on tza_dhs22 	44/62
Networks estimated proceed to save data ( 1 )
Networks estimated proceed to save data ( 2 )
Code in tza took 4 hours, 7 minutes, 49 seconds
# Working on cmr_dhs18 	45/62
Networks estimated proceed to save data ( 1 )
Networks estimated proceed to save data ( 2 )
Code in cmr took 3 hours, 48 minutes, 36 seconds
# Working on mrt_dhs19-21 	46/62
Networks estimated proceed to save data ( 1 )
Networks estimated proceed to save data ( 2 )
Code in mrt took 6 hours, 10 minutes, 16 seconds
# Working on tuv_mics19-20 	47/62
Networks estimated proceed to save data ( 1 )
Networks estimated proceed to save data ( 2 )
Code in tuv took 0 hours, 56 minutes, 25 seconds
# Working on geo_mics18 	48/62
Networks estimated proceed to save data ( 1 )
Networks estimated proceed to save data ( 2 )
Code in geo took 2 hours, 12 minutes, 1 seconds
# Working on kir_mics18-19 	49/62
Networks estimated proceed to save data ( 1 )
Networks estimated proceed to save data ( 2 )
Code in kir took 2 hours, 24 minutes, 2 seconds
# Working on irq_mics18 	50/62
Networks estimated proceed to save data ( 1 )
Networks estimated proceed to save data ( 2 )
Code in irq took 3 hours, 4 minutes, 10 seconds
# Working on khm_dhs21-22 	51/62
Networks estimated proceed to save data ( 1 )
Networks estimated proceed to save data ( 2 )
Code in khm took 4 hours, 41 minutes, 42 seconds
# Working on gha_dhs22 	52/62
Networks estimated proceed to save data ( 1 )
Networks estimated proceed to save data ( 2 )
Code in gha took 3 hours, 27 minutes, 26 seconds
# Working on ben_mics21-22 	53/62
Networks estimated proceed to save data ( 1 )
Networks estimated proceed to save data ( 2 )
Code in ben took 5 hours, 36 minutes, 46 seconds
# Working on moz_dhs22-23 	54/62
Networks estimated proceed to save data ( 1 )
Networks estimated proceed to save data ( 2 )
Code in moz took 3 hours, 45 minutes, 46 seconds
# Working on mdg_dhs21 	55/62
Networks estimated proceed to save data ( 1 )
Networks estimated proceed to save data ( 2 )
Code in mdg took 3 hours, 33 minutes, 41 seconds
# Working on fji_mics21 	56/62
Networks estimated proceed to save data ( 1 )
Networks estimated proceed to save data ( 2 )
Code in fji took 2 hours, 17 minutes, 19 seconds
# Working on lbr_dhs19-20 	57/62
Networks estimated proceed to save data ( 1 )
Networks estimated proceed to save data ( 2 )
Code in lbr took 2 hours, 34 minutes, 33 seconds
# Working on blz_mics15-16 	58/62
Networks estimated proceed to save data ( 1 )
Networks estimated proceed to save data ( 2 )
Code in blz took 2 hours, 25 minutes, 3 seconds
# Working on kgz_mics18 	59/62
Networks estimated proceed to save data ( 1 )
Networks estimated proceed to save data ( 2 )
Code in kgz took 1 hours, 29 minutes, 45 seconds
# Working on arg_mics19-20 	60/62
Networks estimated proceed to save data ( 1 )
Networks estimated proceed to save data ( 2 )
Code in arg took 1 hours, 56 minutes, 12 seconds
# Working on gmb_dhs19-20 	61/62
Networks estimated proceed to save data ( 1 )
Networks estimated proceed to save data ( 2 )
Code in gmb took 2 hours, 45 minutes, 24 seconds
# Working on nam_dhs13 	62/62
Networks estimated proceed to save data ( 1 )
Networks estimated proceed to save data ( 2 )
Code in nam took 3 hours, 13 minutes, 42 seconds
All the code took 8 days, 21 hours, 33 minutes, 6 seconds
