/home/igirela/DiscreteMarkovNetworkMPI
estimating...
{'conserv': array([[[False, False, False, False, False],
        [False, False, False, False, False],
        [False, False, False, False, False],
        [False, False, False, False, False],
        [False, False, False, False, False]],

       [[False, False, False, False, False],
        [False, False, False,  True, False],
        [False, False, False, False,  True],
        [False,  True, False, False, False],
        [False, False,  True, False, False]]]), 'nconserv': array([[[False, False, False, False, False],
        [False, False, False, False, False],
        [False, False, False, False, False],
        [False, False, False, False, False],
        [False, False, False, False, False]],

       [[False, False, False, False, False],
        [False, False, False,  True, False],
        [False, False, False, False,  True],
        [False,  True, False, False, False],
        [False, False,  True, False, False]]])}
