/home/igirela/DiscreteMarkovNetworkMPI
Estimating SIMULATION NUMBER  2
estimating unstable...
estimating stable...
Estimating SIMULATION NUMBER  3
estimating unstable...
estimating stable...
Estimating SIMULATION NUMBER  4
estimating unstable...
estimating stable...
Estimating SIMULATION NUMBER  5
estimating unstable...
estimating stable...
Traceback (most recent call last):
  File "/home/igirela/DiscreteMarkovNetworkMPI/code/simulations/simulations.py", line 29, in <module>
    ci_stable = discrete_graphical_model(np.geomspace(.1, 10,10000),ncores= ncores).estimate_stable_CI(
  File "/home/igirela/DiscreteMarkovNetworkMPI/code/simulations/discrete_gm_nonpos.py", line 151, in estimate_stable_CI
    assert np.all(np.any(accepted_q,axis=0)), f"Not encounter any c in self.c such that the expected number of discovery {q_min} < q < {q_max}. q in {Eqhat}"
AssertionError: Not encounter any c in self.c such that the expected number of discovery 1.414213562373095 < q < 2.8284271247461903. q in [[1.42 4.  ]
 [1.46 4.  ]
 [1.46 4.  ]
 ...
 [6.62 7.26]
 [6.62 7.26]
 [6.62 7.26]]
