/home/igirela/DiscreteMarkovNetworkMPI
### Start estimating stable graphs ###
# Working on khm_dhs21-22 	1/62
Network part I estimated proceed to save data
Network part II estimated proceed to save data
Code in khm took 5 hours, 48 minutes, 26 seconds
# Working on gha_dhs22 	2/62
Network part I estimated proceed to save data
Network part II estimated proceed to save data
Code in gha took 5 hours, 34 minutes, 10 seconds
# Working on ben_mics21-22 	3/62
Network part I estimated proceed to save data
Network part II estimated proceed to save data
Code in ben took 7 hours, 43 minutes, 39 seconds
# Working on moz_dhs22-23 	4/62
Network part I estimated proceed to save data
Network part II estimated proceed to save data
Code in moz took 4 hours, 53 minutes, 17 seconds
# Working on mdg_dhs21 	5/62
Network part I estimated proceed to save data
Network part II estimated proceed to save data
Code in mdg took 6 hours, 18 minutes, 2 seconds
# Working on fji_mics21 	6/62
Network part I estimated proceed to save data
Network part II estimated proceed to save data
Code in fji took 3 hours, 23 minutes, 18 seconds
# Working on lbr_dhs19-20 	7/62
Network part I estimated proceed to save data
Network part II estimated proceed to save data
Code in lbr took 4 hours, 3 minutes, 25 seconds
# Working on blz_mics15-16 	8/62
Network part I estimated proceed to save data
Network part II estimated proceed to save data
Code in blz took 5 hours, 4 minutes, 38 seconds
# Working on kgz_mics18 	9/62
Network part I estimated proceed to save data
Network part II estimated proceed to save data
Code in kgz took 2 hours, 30 minutes, 40 seconds
# Working on arg_mics19-20 	10/62
Network part I estimated proceed to save data
Network part II estimated proceed to save data
Code in arg took 2 hours, 36 minutes, 25 seconds
# Working on gmb_dhs19-20 	11/62
Network part I estimated proceed to save data
Network part II estimated proceed to save data
Code in gmb took 3 hours, 49 minutes, 52 seconds
# Working on nam_dhs13 	12/62
Network part I estimated proceed to save data
Network part II estimated proceed to save data
Code in nam took 5 hours, 2 minutes, 55 seconds
All the code took 2 days, 8 hours, 48 minutes, 49 seconds
