/home/igirela/DiscreteMarkovNetworkMPI
### Start estimating stable graphs ###
# Working on lao_mics17 	1/62
Networks estimated proceed to save data ( 1 )
Networks estimated proceed to save data ( 2 )
Code in lao took 7 hours, 53 minutes, 12 seconds
# Working on cog_mics14-15 	2/62
Networks estimated proceed to save data ( 1 )
Networks estimated proceed to save data ( 2 )
Code in cog took 5 hours, 40 minutes, 58 seconds
# Working on ton_mics19 	3/62
Networks estimated proceed to save data ( 1 )
Networks estimated proceed to save data ( 2 )
Code in ton took 2 hours, 1 minutes, 30 seconds
# Working on civ_dhs21 	4/62
Networks estimated proceed to save data ( 1 )
Networks estimated proceed to save data ( 2 )
Code in civ took 7 hours, 8 minutes, 38 seconds
# Working on sdn_mics14 	5/62
Networks estimated proceed to save data ( 1 )
Networks estimated proceed to save data ( 2 )
Code in sdn took 8 hours, 32 minutes, 48 seconds
# Working on dom_mics19 	6/62
Networks estimated proceed to save data ( 1 )
Networks estimated proceed to save data ( 2 )
Code in dom took 8 hours, 42 minutes, 27 seconds
# Working on gab_dhs19-21 	7/62
Networks estimated proceed to save data ( 1 )
Networks estimated proceed to save data ( 2 )
Code in gab took 7 hours, 38 minutes, 10 seconds
# Working on kaz_mics15 	8/62
Networks estimated proceed to save data ( 1 )
Networks estimated proceed to save data ( 2 )
Code in kaz took 2 hours, 35 minutes, 7 seconds
# Working on tza_dhs22 	9/62
Networks estimated proceed to save data ( 1 )
Networks estimated proceed to save data ( 2 )
Code in tza took 5 hours, 24 minutes, 32 seconds
# Working on cmr_dhs18 	10/62
Networks estimated proceed to save data ( 1 )
Networks estimated proceed to save data ( 2 )
Code in cmr took 4 hours, 55 minutes, 35 seconds
# Working on mrt_dhs19-21 	11/62
Networks estimated proceed to save data ( 1 )
Networks estimated proceed to save data ( 2 )
Code in mrt took 7 hours, 17 minutes, 48 seconds
# Working on tuv_mics19-20 	12/62
Estimated. Continue with the next case.
# Working on geo_mics18 	13/62
Estimated. Continue with the next case.
# Working on kir_mics18-19 	14/62
Estimated. Continue with the next case.
# Working on irq_mics18 	15/62
