/home/igirela/DiscreteMarkovNetworkMPI
Network part III estimated proceed to save data
### Start estimating stable graphs ###
# Working on caf_mics18-19 	1/62
Network part I estimated proceed to save data
Network part I estimated proceed to save data
Code in caf took 2 hours, 25 minutes, 34 seconds
# Working on npl_dhs22 	2/62
Network part I estimated proceed to save data
Network part I estimated proceed to save data
Code in npl took 1 hours, 54 minutes, 59 seconds
# Working on tgo_mics17 	3/62
Network part I estimated proceed to save data
Network part I estimated proceed to save data
Code in tgo took 2 hours, 5 minutes, 18 seconds
# Working on sur_mics18 	4/62
Network part I estimated proceed to save data
Network part I estimated proceed to save data
Code in sur took 1 hours, 57 minutes, 8 seconds
# Working on tha_mics22 	5/62
Network part I estimated proceed to save data
Network part I estimated proceed to save data
Code in tha took 2 hours, 25 minutes, 57 seconds
# Working on zaf_dhs16 	6/62
Network part I estimated proceed to save data
Network part I estimated proceed to save data
Code in zaf took 2 hours, 19 minutes, 49 seconds
# Working on com_mics22 	7/62
Network part I estimated proceed to save data
Network part I estimated proceed to save data
Code in com took 2 hours, 59 minutes, 41 seconds
# Working on srb_mics19 	8/62
Network part I estimated proceed to save data
Network part I estimated proceed to save data
Code in srb took 1 hours, 51 minutes, 47 seconds
# Working on pry_mics16 	9/62
Network part I estimated proceed to save data
Network part I estimated proceed to save data
Code in pry took 2 hours, 13 minutes, 0 seconds
# Working on bgd_mics19 	10/62
Network part I estimated proceed to save data
Network part I estimated proceed to save data
Code in bgd took 6 hours, 44 minutes, 26 seconds
# Working on pak_dhs17-18 	11/62
Estimated. Continue with the next case.
# Working on mli_dhs18 	12/62
Estimated. Continue with the next case.
# Working on dza_mics18-19 	13/62
Estimated. Continue with the next case.
# Working on sle_dhs19 	14/62
Network part I estimated proceed to save data
Network part I estimated proceed to save data
Code in sle took 2 hours, 55 minutes, 7 seconds
# Working on tun_mics23 	15/62
Network part I estimated proceed to save data
Network part I estimated proceed to save data
Code in tun took 1 hours, 47 minutes, 10 seconds
# Working on cub_mics19 	16/62
Network part I estimated proceed to save data
Network part I estimated proceed to save data
Code in cub took 2 hours, 24 minutes, 37 seconds
# Working on gnb_mics18-19 	17/62
Network part I estimated proceed to save data
Network part I estimated proceed to save data
Code in gnb took 2 hours, 11 minutes, 23 seconds
# Working on mwi_mics19-20 	18/62
Network part I estimated proceed to save data
Network part I estimated proceed to save data
Code in mwi took 5 hours, 12 minutes, 50 seconds
# Working on wsm_mics19-20 	19/62
Network part I estimated proceed to save data
Network part I estimated proceed to save data
Code in wsm took 1 hours, 53 minutes, 53 seconds
# Working on gin_dhs18 	20/62
Network part I estimated proceed to save data
Network part I estimated proceed to save data
Code in gin took 2 hours, 52 minutes, 11 seconds
# Working on mkd_mics18-19 	21/62
Network part I estimated proceed to save data
Network part I estimated proceed to save data
Code in mkd took 1 hours, 38 minutes, 26 seconds
# Working on pse_mics19-20 	22/62
Network part I estimated proceed to save data
Network part I estimated proceed to save data
Code in pse took 1 hours, 17 minutes, 49 seconds
# Working on hnd_mics19 	23/62
Network part I estimated proceed to save data
Network part I estimated proceed to save data
Code in hnd took 3 hours, 49 minutes, 52 seconds
# Working on zmb_dhs18 	24/62
Network part I estimated proceed to save data
Network part I estimated proceed to save data
Code in zmb took 3 hours, 4 minutes, 18 seconds
# Working on guy_mics19-20 	25/62
Network part I estimated proceed to save data
Network part I estimated proceed to save data
Code in guy took 3 hours, 20 minutes, 31 seconds
# Working on cod_mics17-18 	26/62
Network part I estimated proceed to save data
Network part I estimated proceed to save data
Code in cod took 4 hours, 45 minutes, 0 seconds
# Working on mng_mics18 	27/62
Network part I estimated proceed to save data
Network part I estimated proceed to save data
Code in mng took 3 hours, 4 minutes, 26 seconds
# Working on mdv_dhs16-17 	28/62
Network part I estimated proceed to save data
Network part I estimated proceed to save data
Code in mdv took 1 hours, 19 minutes, 50 seconds
# Working on tcd_mics19 	29/62
Network part I estimated proceed to save data
Network part I estimated proceed to save data
Code in tcd took 5 hours, 5 minutes, 17 seconds
# Working on bfa_dhs21 	30/62
Network part I estimated proceed to save data
Network part I estimated proceed to save data
Code in bfa took 3 hours, 19 minutes, 49 seconds
# Working on mda_mics12 	31/62
Network part I estimated proceed to save data
Network part I estimated proceed to save data
Code in mda took 2 hours, 25 minutes, 26 seconds
# Working on eth_dhs19 	32/62
Network part I estimated proceed to save data
Network part I estimated proceed to save data
Code in eth took 3 hours, 35 minutes, 2 seconds
# Working on zwe_mics19 	33/62
Network part I estimated proceed to save data
Network part I estimated proceed to save data
Code in zwe took 4 hours, 31 minutes, 6 seconds
# Working on slv_mics14 	34/62
Network part I estimated proceed to save data
Network part I estimated proceed to save data
Code in slv took 3 hours, 5 minutes, 9 seconds
# Working on ner_dhs12 	35/62
Network part I estimated proceed to save data
Network part I estimated proceed to save data
Code in ner took 2 hours, 9 minutes, 57 seconds
# Working on lao_mics17 	36/62
Estimated. Continue with the next case.
# Working on cog_mics14-15 	37/62
Estimated. Continue with the next case.
# Working on ton_mics19 	38/62
Estimated. Continue with the next case.
# Working on civ_dhs21 	39/62
Estimated. Continue with the next case.
# Working on sdn_mics14 	40/62
Estimated. Continue with the next case.
# Working on dom_mics19 	41/62
Estimated. Continue with the next case.
# Working on gab_dhs19-21 	42/62
Estimated. Continue with the next case.
# Working on kaz_mics15 	43/62
Estimated. Continue with the next case.
# Working on tza_dhs22 	44/62
Estimated. Continue with the next case.
# Working on cmr_dhs18 	45/62
Network part I estimated proceed to save data
Network part I estimated proceed to save data
Code in cmr took 2 hours, 44 minutes, 29 seconds
# Working on mrt_dhs19-21 	46/62
Network part I estimated proceed to save data
Network part I estimated proceed to save data
Code in mrt took 3 hours, 42 minutes, 48 seconds
# Working on tuv_mics19-20 	47/62
Network part I estimated proceed to save data
Network part I estimated proceed to save data
Code in tuv took 0 hours, 57 minutes, 53 seconds
# Working on geo_mics18 	48/62
Network part I estimated proceed to save data
Network part I estimated proceed to save data
Code in geo took 1 hours, 40 minutes, 29 seconds
# Working on kir_mics18-19 	49/62
Network part I estimated proceed to save data
Network part I estimated proceed to save data
Code in kir took 2 hours, 4 minutes, 4 seconds
# Working on irq_mics18 	50/62
Network part I estimated proceed to save data
Network part I estimated proceed to save data
Code in irq took 1 hours, 49 minutes, 49 seconds
# Working on khm_dhs21-22 	51/62
Estimated. Continue with the next case.
# Working on gha_dhs22 	52/62
Estimated. Continue with the next case.
# Working on ben_mics21-22 	53/62
Estimated. Continue with the next case.
# Working on moz_dhs22-23 	54/62
Estimated. Continue with the next case.
# Working on mdg_dhs21 	55/62
Estimated. Continue with the next case.
# Working on fji_mics21 	56/62
Estimated. Continue with the next case.
# Working on lbr_dhs19-20 	57/62
Estimated. Continue with the next case.
# Working on blz_mics15-16 	58/62
Estimated. Continue with the next case.
# Working on kgz_mics18 	59/62
Estimated. Continue with the next case.
# Working on arg_mics19-20 	60/62
Estimated. Continue with the next case.
# Working on gmb_dhs19-20 	61/62
Estimated. Continue with the next case.
# Working on nam_dhs13 	62/62
Estimated. Continue with the next case.
All the code took 4 days, 9 hours, 46 minutes, 23 seconds
